Archive member included to satisfy reference by file (symbol)

C:/ST/STM32CubeIDE_1.14.1/STM32CubeIDE/plugins/com.st.stm32cube.ide.mcu.externaltools.gnu-tools-for-stm32.11.3.rel1.win32_1.1.100.202309141235/tools/bin/../lib/gcc/arm-none-eabi/11.3.1/../../../../arm-none-eabi/lib/thumb/v7e-m+fp/hard\libc_nano.a(libc_a-exit.o)
                              C:/ST/STM32CubeIDE_1.14.1/STM32CubeIDE/plugins/com.st.stm32cube.ide.mcu.externaltools.gnu-tools-for-stm32.11.3.rel1.win32_1.1.100.202309141235/tools/bin/../lib/gcc/arm-none-eabi/11.3.1/../../../../arm-none-eabi/lib/thumb/v7e-m+fp/hard/crt0.o (exit)
C:/ST/STM32CubeIDE_1.14.1/STM32CubeIDE/plugins/com.st.stm32cube.ide.mcu.externaltools.gnu-tools-for-stm32.11.3.rel1.win32_1.1.100.202309141235/tools/bin/../lib/gcc/arm-none-eabi/11.3.1/../../../../arm-none-eabi/lib/thumb/v7e-m+fp/hard\libc_nano.a(libc_a-malloc.o)
                              ./Middlewares/ST/STM32_USB_Host_Library/Class/AUDIO/Src/usbh_audio.o (malloc)
C:/ST/STM32CubeIDE_1.14.1/STM32CubeIDE/plugins/com.st.stm32cube.ide.mcu.externaltools.gnu-tools-for-stm32.11.3.rel1.win32_1.1.100.202309141235/tools/bin/../lib/gcc/arm-none-eabi/11.3.1/../../../../arm-none-eabi/lib/thumb/v7e-m+fp/hard\libc_nano.a(libc_a-mallocr.o)
                              C:/ST/STM32CubeIDE_1.14.1/STM32CubeIDE/plugins/com.st.stm32cube.ide.mcu.externaltools.gnu-tools-for-stm32.11.3.rel1.win32_1.1.100.202309141235/tools/bin/../lib/gcc/arm-none-eabi/11.3.1/../../../../arm-none-eabi/lib/thumb/v7e-m+fp/hard\libc_nano.a(libc_a-malloc.o) (_malloc_r)
C:/ST/STM32CubeIDE_1.14.1/STM32CubeIDE/plugins/com.st.stm32cube.ide.mcu.externaltools.gnu-tools-for-stm32.11.3.rel1.win32_1.1.100.202309141235/tools/bin/../lib/gcc/arm-none-eabi/11.3.1/../../../../arm-none-eabi/lib/thumb/v7e-m+fp/hard\libc_nano.a(libc_a-mlock.o)
                              C:/ST/STM32CubeIDE_1.14.1/STM32CubeIDE/plugins/com.st.stm32cube.ide.mcu.externaltools.gnu-tools-for-stm32.11.3.rel1.win32_1.1.100.202309141235/tools/bin/../lib/gcc/arm-none-eabi/11.3.1/../../../../arm-none-eabi/lib/thumb/v7e-m+fp/hard\libc_nano.a(libc_a-mallocr.o) (__malloc_lock)
C:/ST/STM32CubeIDE_1.14.1/STM32CubeIDE/plugins/com.st.stm32cube.ide.mcu.externaltools.gnu-tools-for-stm32.11.3.rel1.win32_1.1.100.202309141235/tools/bin/../lib/gcc/arm-none-eabi/11.3.1/../../../../arm-none-eabi/lib/thumb/v7e-m+fp/hard\libc_nano.a(libc_a-findfp.o)
                              C:/ST/STM32CubeIDE_1.14.1/STM32CubeIDE/plugins/com.st.stm32cube.ide.mcu.externaltools.gnu-tools-for-stm32.11.3.rel1.win32_1.1.100.202309141235/tools/bin/../lib/gcc/arm-none-eabi/11.3.1/../../../../arm-none-eabi/lib/thumb/v7e-m+fp/hard\libc_nano.a(libc_a-exit.o) (__stdio_exit_handler)
C:/ST/STM32CubeIDE_1.14.1/STM32CubeIDE/plugins/com.st.stm32cube.ide.mcu.externaltools.gnu-tools-for-stm32.11.3.rel1.win32_1.1.100.202309141235/tools/bin/../lib/gcc/arm-none-eabi/11.3.1/../../../../arm-none-eabi/lib/thumb/v7e-m+fp/hard\libc_nano.a(libc_a-fwalk.o)
                              C:/ST/STM32CubeIDE_1.14.1/STM32CubeIDE/plugins/com.st.stm32cube.ide.mcu.externaltools.gnu-tools-for-stm32.11.3.rel1.win32_1.1.100.202309141235/tools/bin/../lib/gcc/arm-none-eabi/11.3.1/../../../../arm-none-eabi/lib/thumb/v7e-m+fp/hard\libc_nano.a(libc_a-findfp.o) (_fwalk_sglue)
C:/ST/STM32CubeIDE_1.14.1/STM32CubeIDE/plugins/com.st.stm32cube.ide.mcu.externaltools.gnu-tools-for-stm32.11.3.rel1.win32_1.1.100.202309141235/tools/bin/../lib/gcc/arm-none-eabi/11.3.1/../../../../arm-none-eabi/lib/thumb/v7e-m+fp/hard\libc_nano.a(libc_a-printf.o)
                              ./Middlewares/ST/STM32_USB_Host_Library/Class/AUDIO/Src/usbh_audio.o (printf)
C:/ST/STM32CubeIDE_1.14.1/STM32CubeIDE/plugins/com.st.stm32cube.ide.mcu.externaltools.gnu-tools-for-stm32.11.3.rel1.win32_1.1.100.202309141235/tools/bin/../lib/gcc/arm-none-eabi/11.3.1/../../../../arm-none-eabi/lib/thumb/v7e-m+fp/hard\libc_nano.a(libc_a-putchar.o)
                              ./Middlewares/ST/STM32_USB_Host_Library/Class/AUDIO/Src/usbh_audio.o (putchar)
C:/ST/STM32CubeIDE_1.14.1/STM32CubeIDE/plugins/com.st.stm32cube.ide.mcu.externaltools.gnu-tools-for-stm32.11.3.rel1.win32_1.1.100.202309141235/tools/bin/../lib/gcc/arm-none-eabi/11.3.1/../../../../arm-none-eabi/lib/thumb/v7e-m+fp/hard\libc_nano.a(libc_a-stdio.o)
                              C:/ST/STM32CubeIDE_1.14.1/STM32CubeIDE/plugins/com.st.stm32cube.ide.mcu.externaltools.gnu-tools-for-stm32.11.3.rel1.win32_1.1.100.202309141235/tools/bin/../lib/gcc/arm-none-eabi/11.3.1/../../../../arm-none-eabi/lib/thumb/v7e-m+fp/hard\libc_nano.a(libc_a-findfp.o) (__sread)
C:/ST/STM32CubeIDE_1.14.1/STM32CubeIDE/plugins/com.st.stm32cube.ide.mcu.externaltools.gnu-tools-for-stm32.11.3.rel1.win32_1.1.100.202309141235/tools/bin/../lib/gcc/arm-none-eabi/11.3.1/../../../../arm-none-eabi/lib/thumb/v7e-m+fp/hard\libc_nano.a(libc_a-memcmp.o)
                              ./Middlewares/ST/STM32_USB_Host_Library/Class/VIDEO/Src/usbh_video_desc_parsing.o (memcmp)
[...]
Memory Configuration

Name             Origin             Length             Attributes
CCMRAM           0x0000000010000000 0x0000000000010000 xrw
RAM              0x0000000020000000 0x0000000000020000 xrw
FLASH            0x0000000008000000 0x0000000000100000 xr
*default*        0x0000000000000000 0xffffffffffffffff

Linker script and memory map

LOAD C:/ST/STM32CubeIDE_1.14.1/STM32CubeIDE/plugins/com.st.stm32cube.ide.mcu.externaltools.gnu-tools-for-stm32.11.3.rel1.win32_1.1.100.202309141235/tools/bin/../lib/gcc/arm-none-eabi/11.3.1/thumb/v7e-m+fp/hard/crti.o
LOAD C:/ST/STM32CubeIDE_1.14.1/STM32CubeIDE/plugins/com.st.stm32cube.ide.mcu.externaltools.gnu-tools-for-stm32.11.3.rel1.win32_1.1.100.202309141235/tools/bin/../lib/gcc/arm-none-eabi/11.3.1/thumb/v7e-m+fp/hard/crtbegin.o
LOAD C:/ST/STM32CubeIDE_1.14.1/STM32CubeIDE/plugins/com.st.stm32cube.ide.mcu.externaltools.gnu-tools-for-stm32.11.3.rel1.win32_1.1.100.202309141235/tools/bin/../lib/gcc/arm-none-eabi/11.3.1/../../../../arm-none-eabi/lib/thumb/v7e-m+fp/hard/crt0.o
LOAD ./Core/Src/main.o
LOAD ./Core/Src/stm32f4xx_hal_msp.o
LOAD ./Core/Src/stm32f4xx_it.o
LOAD ./Core/Src/syscalls.o
LOAD ./Core/Src/sysmem.o
LOAD ./Core/Src/system_stm32f4xx.o
LOAD ./Core/Startup/startup_stm32f407igtx.o
LOAD ./Drivers/STM32F4xx_HAL_Driver/Src/stm32f4xx_hal.o
LOAD ./Drivers/STM32F4xx_HAL_Driver/Src/stm32f4xx_hal_cortex.o
LOAD ./Drivers/STM32F4xx_HAL_Driver/Src/stm32f4xx_hal_dma.o
LOAD ./Drivers/STM32F4xx_HAL_Driver/Src/stm32f4xx_hal_dma_ex.o
LOAD ./Drivers/STM32F4xx_HAL_Driver/Src/stm32f4xx_hal_exti.o
LOAD ./Drivers/STM32F4xx_HAL_Driver/Src/stm32f4xx_hal_flash.o
LOAD ./Drivers/STM32F4xx_HAL_Driver/Src/stm32f4xx_hal_flash_ex.o
LOAD ./Drivers/STM32F4xx_HAL_Driver/Src/stm32f4xx_hal_flash_ramfunc.o
LOAD ./Drivers/STM32F4xx_HAL_Driver/Src/stm32f4xx_hal_gpio.o
LOAD ./Drivers/STM32F4xx_HAL_Driver/Src/stm32f4xx_hal_hcd.o
LOAD ./Drivers/STM32F4xx_HAL_Driver/Src/stm32f4xx_hal_pwr.o
LOAD ./Drivers/STM32F4xx_HAL_Driver/Src/stm32f4xx_hal_pwr_ex.o
LOAD ./Drivers/STM32F4xx_HAL_Driver/Src/stm32f4xx_hal_rcc.o
LOAD ./Drivers/STM32F4xx_HAL_Driver/Src/stm32f4xx_hal_rcc_ex.o
LOAD ./Drivers/STM32F4xx_HAL_Driver/Src/stm32f4xx_hal_tim.o
LOAD ./Drivers/STM32F4xx_HAL_Driver/Src/stm32f4xx_hal_tim_ex.o
LOAD ./Drivers/STM32F4xx_HAL_Driver/Src/stm32f4xx_hal_uart.o
LOAD ./Drivers/STM32F4xx_HAL_Driver/Src/stm32f4xx_ll_usb.o
LOAD ./Middlewares/ST/STM32_USB_Host_Library/Class/AUDIO/Src/usbh_audio.o
LOAD ./Middlewares/ST/STM32_USB_Host_Library/Class/CDC/Src/usbh_cdc.o
LOAD ./Middlewares/ST/STM32_USB_Host_Library/Class/HID/Src/usbh_hid.o
LOAD ./Middlewares/ST/STM32_USB_Host_Library/Class/HID/Src/usbh_hid_keybd.o
LOAD ./Middlewares/ST/STM32_USB_Host_Library/Class/HID/Src/usbh_hid_mouse.o
LOAD ./Middlewares/ST/STM32_USB_Host_Library/Class/HID/Src/usbh_hid_parser.o
LOAD ./Middlewares/ST/STM32_USB_Host_Library/Class/MSC/Src/usbh_msc.o
LOAD ./Middlewares/ST/STM32_USB_Host_Library/Class/MSC/Src/usbh_msc_bot.o
LOAD ./Middlewares/ST/STM32_USB_Host_Library/Class/MSC/Src/usbh_msc_scsi.o
LOAD ./Middlewares/ST/STM32_USB_Host_Library/Class/MTP/Src/usbh_mtp.o
LOAD ./Middlewares/ST/STM32_USB_Host_Library/Class/MTP/Src/usbh_mtp_ptp.o
LOAD ./Middlewares/ST/STM32_USB_Host_Library/Class/VIDEO/Src/usbh_video.o
LOAD ./Middlewares/ST/STM32_USB_Host_Library/Class/VIDEO/Src/usbh_video_desc_parsing.o
LOAD ./Middlewares/ST/STM32_USB_Host_Library/Class/VIDEO/Src/usbh_video_stream_parsing.o
LOAD ./Middlewares/ST/STM32_USB_Host_Library/Core/Src/usbh_core.o
LOAD ./Middlewares/ST/STM32_USB_Host_Library/Core/Src/usbh_ctlreq.o
LOAD ./Middlewares/ST/STM32_USB_Host_Library/Core/Src/usbh_ioreq.o
LOAD ./Middlewares/ST/STM32_USB_Host_Library/Core/Src/usbh_pipes.o
LOAD ./USB_HOST/App/usb_host.o
LOAD ./USB_HOST/Target/usbh_conf.o
START GROUP
LOAD C:/ST/STM32CubeIDE_1.14.1/STM32CubeIDE/plugins/com.st.stm32cube.ide.mcu.externaltools.gnu-tools-for-stm32.11.3.rel1.win32_1.1.100.202309141235/tools/bin/../lib/gcc/arm-none-eabi/11.3.1/../../../../arm-none-eabi/lib/thumb/v7e-m+fp/hard\libc_nano.a
LOAD C:/ST/STM32CubeIDE_1.14.1/STM32CubeIDE/plugins/com.st.stm32cube.ide.mcu.externaltools.gnu-tools-for-stm32.11.3.rel1.win32_1.1.100.202309141235/tools/bin/../lib/gcc/arm-none-eabi/11.3.1/../../../../arm-none-eabi/lib/thumb/v7e-m+fp/hard\libm.a
END GROUP
START GROUP
LOAD C:/ST/STM32CubeIDE_1.14.1/STM32CubeIDE/plugins/com.st.stm32cube.ide.mcu.externaltools.gnu-tools-for-stm32.11.3.rel1.win32_1.1.100.202309141235/tools/bin/../lib/gcc/arm-none-eabi/11.3.1/thumb/v7e-m+fp/hard\libgcc.a
LOAD C:/ST/STM32CubeIDE_1.14.1/STM32CubeIDE/plugins/com.st.stm32cube.ide.mcu.externaltools.gnu-tools-for-stm32.11.3.rel1.win32_1.1.100.202309141235/tools/bin/../lib/gcc/arm-none-eabi/11.3.1/../../../../arm-none-eabi/lib/thumb/v7e-m+fp/hard\libc_nano.a
END GROUP
START GROUP
LOAD C:/ST/STM32CubeIDE_1.14.1/STM32CubeIDE/plugins/com.st.stm32cube.ide.mcu.externaltools.gnu-tools-for-stm32.11.3.rel1.win32_1.1.100.202309141235/tools/bin/../lib/gcc/arm-none-eabi/11.3.1/thumb/v7e-m+fp/hard\libgcc.a
LOAD C:/ST/STM32CubeIDE_1.14.1/STM32CubeIDE/plugins/com.st.stm32cube.ide.mcu.externaltools.gnu-tools-for-stm32.11.3.rel1.win32_1.1.100.202309141235/tools/bin/../lib/gcc/arm-none-eabi/11.3.1/../../../../arm-none-eabi/lib/thumb/v7e-m+fp/hard\libc_nano.a
LOAD C:/ST/STM32CubeIDE_1.14.1/STM32CubeIDE/plugins/com.st.stm32cube.ide.mcu.externaltools.gnu-tools-for-stm32.11.3.rel1.win32_1.1.100.202309141235/tools/bin/../lib/gcc/arm-none-eabi/11.3.1/../../../../arm-none-eabi/lib/thumb/v7e-m+fp/hard\libnosys.a
END GROUP
START GROUP
LOAD C:/ST/STM32CubeIDE_1.14.1/STM32CubeIDE/plugins/com.st.stm32cube.ide.mcu.externaltools.gnu-tools-for-stm32.11.3.rel1.win32_1.1.100.202309141235/tools/bin/../lib/gcc/arm-none-eabi/11.3.1/thumb/v7e-m+fp/hard\libgcc.a
LOAD C:/ST/STM32CubeIDE_1.14.1/STM32CubeIDE/plugins/com.st.stm32cube.ide.mcu.externaltools.gnu-tools-for-stm32.11.3.rel1.win32_1.1.100.202309141235/tools/bin/../lib/gcc/arm-none-eabi/11.3.1/../../../../arm-none-eabi/lib/thumb/v7e-m+fp/hard\libc_nano.a
LOAD C:/ST/STM32CubeIDE_1.14.1/STM32CubeIDE/plugins/com.st.stm32cube.ide.mcu.externaltools.gnu-tools-for-stm32.11.3.rel1.win32_1.1.100.202309141235/tools/bin/../lib/gcc/arm-none-eabi/11.3.1/../../../../arm-none-eabi/lib/thumb/v7e-m+fp/hard\libnosys.a
END GROUP
LOAD C:/ST/STM32CubeIDE_1.14.1/STM32CubeIDE/plugins/com.st.stm32cube.ide.mcu.externaltools.gnu-tools-for-stm32.11.3.rel1.win32_1.1.100.202309141235/tools/bin/../lib/gcc/arm-none-eabi/11.3.1/thumb/v7e-m+fp/hard/crtend.o
LOAD C:/ST/STM32CubeIDE_1.14.1/STM32CubeIDE/plugins/com.st.stm32cube.ide.mcu.externaltools.gnu-tools-for-stm32.11.3.rel1.win32_1.1.100.202309141235/tools/bin/../lib/gcc/arm-none-eabi/11.3.1/thumb/v7e-m+fp/hard/crtn.o
                0x0000000020020000                _estack = (ORIGIN (RAM) + LENGTH (RAM))
                0x0000000000000200                _Min_Heap_Size = 0x200
                0x0000000000000400                _Min_Stack_Size = 0x400

.isr_vector     0x0000000008000000      0x188
                0x0000000008000000                . = ALIGN (0x4)
 *(.isr_vector)
 .isr_vector    0x0000000008000000      0x188 ./Core/Startup/startup_stm32f407igtx.o
                0x0000000008000000                g_pfnVectors
                0x0000000008000188                . = ALIGN (0x4)

.text           0x0000000008000190     0xa5c4
                0x0000000008000190                . = ALIGN (0x4)
 *(.text)
 .text          0x0000000008000190       0x40 C:/ST/STM32CubeIDE_1.14.1/STM32CubeIDE/plugins/com.st.stm32cube.ide.mcu.externaltools.gnu-tools-for-stm32.11.3.rel1.win32_1.1.100.202309141235/tools/bin/../lib/gcc/arm-none-eabi/11.3.1/thumb/v7e-m+fp/hard/crtbegin.o
 .text          0x00000000080001d0       0xa0 C:/ST/STM32CubeIDE_1.14.1/STM32CubeIDE/plugins/com.st.stm32cube.ide.mcu.externaltools.gnu-tools-for-stm32.11.3.rel1.win32_1.1.100.202309141235/tools/bin/../lib/gcc/arm-none-eabi/11.3.1/../../../../arm-none-eabi/lib/thumb/v7e-m+fp/hard\libc_nano.a(libc_a-memchr.o)
                0x00000000080001d0                memchr
 .text          0x0000000008000270       0x30 C:/ST/STM32CubeIDE_1.14.1/STM32CubeIDE/plugins/com.st.stm32cube.ide.mcu.externaltools.gnu-tools-for-stm32.11.3.rel1.win32_1.1.100.202309141235/tools/bin/../lib/gcc/arm-none-eabi/11.3.1/thumb/v7e-m+fp/hard\libgcc.a(_aeabi_uldivmod.o)
                0x0000000008000270                __aeabi_uldivmod
 .text          0x00000000080002a0      0x2c8 C:/ST/STM32CubeIDE_1.14.1/STM32CubeIDE/plugins/com.st.stm32cube.ide.mcu.externaltools.gnu-tools-for-stm32.11.3.rel1.win32_1.1.100.202309141235/tools/bin/../lib/gcc/arm-none-eabi/11.3.1/thumb/v7e-m+fp/hard\libgcc.a(_udivmoddi4.o)
                0x00000000080002a0                __udivmoddi4
 .text          0x0000000008000568        0x4 C:/ST/STM32CubeIDE_1.14.1/STM32CubeIDE/plugins/com.st.stm32cube.ide.mcu.externaltools.gnu-tools-for-stm32.11.3.rel1.win32_1.1.100.202309141235/tools/bin/../lib/gcc/arm-none-eabi/11.3.1/thumb/v7e-m+fp/hard\libgcc.a(_dvmd_tls.o)
                0x0000000008000568                __aeabi_idiv0
                0x0000000008000568                __aeabi_ldiv0
 *(.text*)
 .text._write   0x000000000800056c       0x2c ./Core/Src/main.o
                0x000000000800056c                _write
 .text.main     0x0000000008000598       0x70 ./Core/Src/main.o
                0x0000000008000598                main
 .text.SystemClock_Config
                0x0000000008000608       0xd4 ./Core/Src/main.o
                0x0000000008000608                SystemClock_Config
 .text.MX_USART1_UART_Init
                0x00000000080006dc       0x54 ./Core/Src/main.o
 .text.MX_GPIO_Init
                0x0000000008000730       0xa4 ./Core/Src/main.o
 .text.Error_Handler
                0x00000000080007d4        0xa ./Core/Src/main.o
                0x00000000080007d4                Error_Handler
 *fill*         0x00000000080007de        0x2 
 .text.HAL_MspInit
                0x00000000080007e0       0x50 ./Core/Src/stm32f4xx_hal_msp.o
                0x00000000080007e0                HAL_MspInit
 .text.HAL_UART_MspInit
                0x0000000008000830       0xa0 ./Core/Src/stm32f4xx_hal_msp.o
                0x0000000008000830                HAL_UART_MspInit
 .text.NMI_Handler
                0x00000000080008d0        0x6 ./Core/Src/stm32f4xx_it.o
                0x00000000080008d0                NMI_Handler
 .text.HardFault_Handler
                0x00000000080008d6        0x6 ./Core/Src/stm32f4xx_it.o
                0x00000000080008d6                HardFault_Handler
 .text.MemManage_Handler
                0x00000000080008dc        0x6 ./Core/Src/stm32f4xx_it.o
                0x00000000080008dc                MemManage_Handler
 .text.BusFault_Handler
                0x00000000080008e2        0x6 ./Core/Src/stm32f4xx_it.o
                0x00000000080008e2                BusFault_Handler
 .text.UsageFault_Handler
                0x00000000080008e8        0x6 ./Core/Src/stm32f4xx_it.o
                0x00000000080008e8                UsageFault_Handler
 .text.SVC_Handler
                0x00000000080008ee        0xe ./Core/Src/stm32f4xx_it.o
                0x00000000080008ee                SVC_Handler
 .text.DebugMon_Handler
                0x00000000080008fc        0xe ./Core/Src/stm32f4xx_it.o
                0x00000000080008fc                DebugMon_Handler
 .text.PendSV_Handler
                0x000000000800090a        0xe ./Core/Src/stm32f4xx_it.o
                0x000000000800090a                PendSV_Handler
 .text.SysTick_Handler
                0x0000000008000918        0xc ./Core/Src/stm32f4xx_it.o
                0x0000000008000918                SysTick_Handler
 .text.USART1_IRQHandler
                0x0000000008000924       0x14 ./Core/Src/stm32f4xx_it.o
                0x0000000008000924                USART1_IRQHandler
 .text.OTG_HS_EP1_OUT_IRQHandler
                0x0000000008000938       0x14 ./Core/Src/stm32f4xx_it.o
                0x0000000008000938                OTG_HS_EP1_OUT_IRQHandler
 .text.OTG_HS_EP1_IN_IRQHandler
                0x000000000800094c       0x14 ./Core/Src/stm32f4xx_it.o
                0x000000000800094c                OTG_HS_EP1_IN_IRQHandler
 .text.OTG_HS_IRQHandler
                0x0000000008000960       0x14 ./Core/Src/stm32f4xx_it.o
                0x0000000008000960                OTG_HS_IRQHandler
 .text._read    0x0000000008000974       0x3a ./Core/Src/syscalls.o
                0x0000000008000974                _read
 .text._close   0x00000000080009ae       0x18 ./Core/Src/syscalls.o
                0x00000000080009ae                _close
 .text._fstat   0x00000000080009c6       0x20 ./Core/Src/syscalls.o
                0x00000000080009c6                _fstat
 .text._isatty  0x00000000080009e6       0x16 ./Core/Src/syscalls.o
                0x00000000080009e6                _isatty
 .text._lseek   0x00000000080009fc       0x1a ./Core/Src/syscalls.o
                0x00000000080009fc                _lseek
 *fill*         0x0000000008000a16        0x2 
 .text._sbrk    0x0000000008000a18       0x6c ./Core/Src/sysmem.o
                0x0000000008000a18                _sbrk
 .text.SystemInit
                0x0000000008000a84       0x24 ./Core/Src/system_stm32f4xx.o
                0x0000000008000a84                SystemInit
 .text.Reset_Handler
                0x0000000008000aa8       0x50 ./Core/Startup/startup_stm32f407igtx.o
                0x0000000008000aa8                Reset_Handler
 .text.Default_Handler
                0x0000000008000af8        0x2 ./Core/Startup/startup_stm32f407igtx.o
                0x0000000008000af8                RTC_Alarm_IRQHandler
                0x0000000008000af8                HASH_RNG_IRQHandler
                0x0000000008000af8                EXTI2_IRQHandler
                0x0000000008000af8                TIM8_CC_IRQHandler
                0x0000000008000af8                TIM1_CC_IRQHandler
                0x0000000008000af8                DMA2_Stream5_IRQHandler
                0x0000000008000af8                DMA1_Stream5_IRQHandler
                0x0000000008000af8                PVD_IRQHandler
                0x0000000008000af8                SDIO_IRQHandler
                0x0000000008000af8                TAMP_STAMP_IRQHandler
                0x0000000008000af8                CAN2_RX1_IRQHandler
                0x0000000008000af8                EXTI3_IRQHandler
                0x0000000008000af8                TIM8_TRG_COM_TIM14_IRQHandler
                0x0000000008000af8                TIM1_UP_TIM10_IRQHandler
                0x0000000008000af8                TIM8_UP_TIM13_IRQHandler
                0x0000000008000af8                I2C3_ER_IRQHandler
                0x0000000008000af8                EXTI0_IRQHandler
                0x0000000008000af8                I2C2_EV_IRQHandler
                0x0000000008000af8                DMA1_Stream2_IRQHandler
                0x0000000008000af8                CAN1_RX0_IRQHandler
                0x0000000008000af8                FPU_IRQHandler
                0x0000000008000af8                OTG_HS_WKUP_IRQHandler
                0x0000000008000af8                CAN2_SCE_IRQHandler
                0x0000000008000af8                DMA2_Stream2_IRQHandler
                0x0000000008000af8                SPI1_IRQHandler
                0x0000000008000af8                TIM6_DAC_IRQHandler
                0x0000000008000af8                TIM1_BRK_TIM9_IRQHandler
                0x0000000008000af8                DCMI_IRQHandler
                0x0000000008000af8                CAN2_RX0_IRQHandler
                0x0000000008000af8                DMA2_Stream3_IRQHandler
                0x0000000008000af8                USART6_IRQHandler
                0x0000000008000af8                USART3_IRQHandler
                0x0000000008000af8                CAN1_RX1_IRQHandler
                0x0000000008000af8                UART5_IRQHandler
                0x0000000008000af8                DMA2_Stream0_IRQHandler
                0x0000000008000af8                TIM4_IRQHandler
                0x0000000008000af8                I2C1_EV_IRQHandler
                0x0000000008000af8                DMA1_Stream6_IRQHandler
                0x0000000008000af8                DMA1_Stream1_IRQHandler
                0x0000000008000af8                UART4_IRQHandler
                0x0000000008000af8                TIM3_IRQHandler
                0x0000000008000af8                RCC_IRQHandler
                0x0000000008000af8                TIM8_BRK_TIM12_IRQHandler
                0x0000000008000af8                Default_Handler
                0x0000000008000af8                EXTI15_10_IRQHandler
                0x0000000008000af8                ADC_IRQHandler
                0x0000000008000af8                DMA1_Stream7_IRQHandler
                0x0000000008000af8                TIM7_IRQHandler
                0x0000000008000af8                CAN2_TX_IRQHandler
                0x0000000008000af8                TIM5_IRQHandler
                0x0000000008000af8                DMA2_Stream7_IRQHandler
                0x0000000008000af8                I2C3_EV_IRQHandler
                0x0000000008000af8                EXTI9_5_IRQHandler
                0x0000000008000af8                RTC_WKUP_IRQHandler
                0x0000000008000af8                ETH_WKUP_IRQHandler
                0x0000000008000af8                SPI2_IRQHandler
                0x0000000008000af8                DMA1_Stream0_IRQHandler
                0x0000000008000af8                CAN1_TX_IRQHandler
                0x0000000008000af8                EXTI4_IRQHandler
                0x0000000008000af8                FSMC_IRQHandler
                0x0000000008000af8                ETH_IRQHandler
                0x0000000008000af8                WWDG_IRQHandler
                0x0000000008000af8                TIM2_IRQHandler
                0x0000000008000af8                OTG_FS_WKUP_IRQHandler
                0x0000000008000af8                TIM1_TRG_COM_TIM11_IRQHandler
                0x0000000008000af8                EXTI1_IRQHandler
                0x0000000008000af8                USART2_IRQHandler
                0x0000000008000af8                I2C2_ER_IRQHandler
                0x0000000008000af8                DMA2_Stream1_IRQHandler
                0x0000000008000af8                CAN1_SCE_IRQHandler
                0x0000000008000af8                FLASH_IRQHandler
                0x0000000008000af8                DMA2_Stream4_IRQHandler
                0x0000000008000af8                OTG_FS_IRQHandler
                0x0000000008000af8                SPI3_IRQHandler
                0x0000000008000af8                DMA1_Stream4_IRQHandler
                0x0000000008000af8                I2C1_ER_IRQHandler
                0x0000000008000af8                DMA2_Stream6_IRQHandler
                0x0000000008000af8                DMA1_Stream3_IRQHandler
 *fill*         0x0000000008000afa        0x2 
 .text.HAL_Init
                0x0000000008000afc       0x44 ./Drivers/STM32F4xx_HAL_Driver/Src/stm32f4xx_hal.o
                0x0000000008000afc                HAL_Init
 .text.HAL_InitTick
                0x0000000008000b40       0x60 ./Drivers/STM32F4xx_HAL_Driver/Src/stm32f4xx_hal.o
                0x0000000008000b40                HAL_InitTick
 .text.HAL_IncTick
                0x0000000008000ba0       0x28 ./Drivers/STM32F4xx_HAL_Driver/Src/stm32f4xx_hal.o
                0x0000000008000ba0                HAL_IncTick
 .text.HAL_GetTick
                0x0000000008000bc8       0x18 ./Drivers/STM32F4xx_HAL_Driver/Src/stm32f4xx_hal.o
                0x0000000008000bc8                HAL_GetTick
 .text.HAL_Delay
                0x0000000008000be0       0x48 ./Drivers/STM32F4xx_HAL_Driver/Src/stm32f4xx_hal.o
                0x0000000008000be0                HAL_Delay
 .text.__NVIC_SetPriorityGrouping
                0x0000000008000c28       0x48 ./Drivers/STM32F4xx_HAL_Driver/Src/stm32f4xx_hal_cortex.o
 .text.__NVIC_GetPriorityGrouping
                0x0000000008000c70       0x1c ./Drivers/STM32F4xx_HAL_Driver/Src/stm32f4xx_hal_cortex.o
 .text.__NVIC_EnableIRQ
                0x0000000008000c8c       0x3c ./Drivers/STM32F4xx_HAL_Driver/Src/stm32f4xx_hal_cortex.o
 .text.__NVIC_SetPriority
                0x0000000008000cc8       0x54 ./Drivers/STM32F4xx_HAL_Driver/Src/stm32f4xx_hal_cortex.o
 .text.NVIC_EncodePriority
                0x0000000008000d1c       0x66 ./Drivers/STM32F4xx_HAL_Driver/Src/stm32f4xx_hal_cortex.o
 *fill*         0x0000000008000d82        0x2 
 .text.SysTick_Config
                0x0000000008000d84       0x44 ./Drivers/STM32F4xx_HAL_Driver/Src/stm32f4xx_hal_cortex.o
 .text.HAL_NVIC_SetPriorityGrouping
                0x0000000008000dc8       0x16 ./Drivers/STM32F4xx_HAL_Driver/Src/stm32f4xx_hal_cortex.o
                0x0000000008000dc8                HAL_NVIC_SetPriorityGrouping
 .text.HAL_NVIC_SetPriority
                0x0000000008000dde       0x38 ./Drivers/STM32F4xx_HAL_Driver/Src/stm32f4xx_hal_cortex.o
                0x0000000008000dde                HAL_NVIC_SetPriority
 .text.HAL_NVIC_EnableIRQ
                0x0000000008000e16       0x1c ./Drivers/STM32F4xx_HAL_Driver/Src/stm32f4xx_hal_cortex.o
                0x0000000008000e16                HAL_NVIC_EnableIRQ
 .text.HAL_SYSTICK_Config
                0x0000000008000e32       0x18 ./Drivers/STM32F4xx_HAL_Driver/Src/stm32f4xx_hal_cortex.o
                0x0000000008000e32                HAL_SYSTICK_Config
 .text.HAL_DMA_Abort
                0x0000000008000e4a       0xe0 ./Drivers/STM32F4xx_HAL_Driver/Src/stm32f4xx_hal_dma.o
                0x0000000008000e4a                HAL_DMA_Abort
 .text.HAL_DMA_Abort_IT
                0x0000000008000f2a       0x44 ./Drivers/STM32F4xx_HAL_Driver/Src/stm32f4xx_hal_dma.o
                0x0000000008000f2a                HAL_DMA_Abort_IT
 *fill*         0x0000000008000f6e        0x2 
 .text.HAL_GPIO_Init
                0x0000000008000f70      0x338 ./Drivers/STM32F4xx_HAL_Driver/Src/stm32f4xx_hal_gpio.o
                0x0000000008000f70                HAL_GPIO_Init
 .text.HAL_HCD_Init
                0x00000000080012a8       0xce ./Drivers/STM32F4xx_HAL_Driver/Src/stm32f4xx_hal_hcd.o
                0x00000000080012a8                HAL_HCD_Init
 .text.HAL_HCD_HC_Init
                0x0000000008001376      0x170 ./Drivers/STM32F4xx_HAL_Driver/Src/stm32f4xx_hal_hcd.o
                0x0000000008001376                HAL_HCD_HC_Init
 .text.HAL_HCD_HC_Halt
                0x00000000080014e6       0x46 ./Drivers/STM32F4xx_HAL_Driver/Src/stm32f4xx_hal_hcd.o
                0x00000000080014e6                HAL_HCD_HC_Halt
 .text.HAL_HCD_HC_SubmitRequest
                0x000000000800152c      0x33c ./Drivers/STM32F4xx_HAL_Driver/Src/stm32f4xx_hal_hcd.o
                0x000000000800152c                HAL_HCD_HC_SubmitRequest
 .text.HAL_HCD_IRQHandler
                0x0000000008001868      0x220 ./Drivers/STM32F4xx_HAL_Driver/Src/stm32f4xx_hal_hcd.o
                0x0000000008001868                HAL_HCD_IRQHandler
 .text.HAL_HCD_Start
                0x0000000008001a88       0x46 ./Drivers/STM32F4xx_HAL_Driver/Src/stm32f4xx_hal_hcd.o
                0x0000000008001a88                HAL_HCD_Start
 .text.HAL_HCD_Stop
                0x0000000008001ace       0x3a ./Drivers/STM32F4xx_HAL_Driver/Src/stm32f4xx_hal_hcd.o
                0x0000000008001ace                HAL_HCD_Stop
 .text.HAL_HCD_ResetPort
                0x0000000008001b08       0x1c ./Drivers/STM32F4xx_HAL_Driver/Src/stm32f4xx_hal_hcd.o
                0x0000000008001b08                HAL_HCD_ResetPort
 .text.HAL_HCD_HC_GetURBState
                0x0000000008001b24       0x2a ./Drivers/STM32F4xx_HAL_Driver/Src/stm32f4xx_hal_hcd.o
                0x0000000008001b24                HAL_HCD_HC_GetURBState
 .text.HAL_HCD_HC_GetXferCount
                0x0000000008001b4e       0x2a ./Drivers/STM32F4xx_HAL_Driver/Src/stm32f4xx_hal_hcd.o
                0x0000000008001b4e                HAL_HCD_HC_GetXferCount
 .text.HAL_HCD_GetCurrentFrame
                0x0000000008001b78       0x1c ./Drivers/STM32F4xx_HAL_Driver/Src/stm32f4xx_hal_hcd.o
                0x0000000008001b78                HAL_HCD_GetCurrentFrame
 .text.HAL_HCD_GetCurrentSpeed
                0x0000000008001b94       0x1c ./Drivers/STM32F4xx_HAL_Driver/Src/stm32f4xx_hal_hcd.o
                0x0000000008001b94                HAL_HCD_GetCurrentSpeed
 .text.HAL_HCD_HC_ClearHubInfo
                0x0000000008001bb0       0x6a ./Drivers/STM32F4xx_HAL_Driver/Src/stm32f4xx_hal_hcd.o
                0x0000000008001bb0                HAL_HCD_HC_ClearHubInfo
 .text.HCD_HC_IN_IRQHandler
                0x0000000008001c1a      0xcd2 ./Drivers/STM32F4xx_HAL_Driver/Src/stm32f4xx_hal_hcd.o
 .text.HCD_HC_OUT_IRQHandler
                0x00000000080028ec      0x97e ./Drivers/STM32F4xx_HAL_Driver/Src/stm32f4xx_hal_hcd.o
 .text.HCD_RXQLVL_IRQHandler
                0x000000000800326a      0x1be ./Drivers/STM32F4xx_HAL_Driver/Src/stm32f4xx_hal_hcd.o
 .text.HCD_Port_IRQHandler
                0x0000000008003428       0xe6 ./Drivers/STM32F4xx_HAL_Driver/Src/stm32f4xx_hal_hcd.o
 *fill*         0x000000000800350e        0x2 
 .text.HAL_RCC_OscConfig
                0x0000000008003510      0x4f0 ./Drivers/STM32F4xx_HAL_Driver/Src/stm32f4xx_hal_rcc.o
                0x0000000008003510                HAL_RCC_OscConfig
 .text.HAL_RCC_ClockConfig
                0x0000000008003a00      0x1cc ./Drivers/STM32F4xx_HAL_Driver/Src/stm32f4xx_hal_rcc.o
                0x0000000008003a00                HAL_RCC_ClockConfig
 .text.HAL_RCC_GetSysClockFreq
                0x0000000008003bcc      0x20c ./Drivers/STM32F4xx_HAL_Driver/Src/stm32f4xx_hal_rcc.o
                0x0000000008003bcc                HAL_RCC_GetSysClockFreq
 .text.HAL_RCC_GetHCLKFreq
                0x0000000008003dd8       0x18 ./Drivers/STM32F4xx_HAL_Driver/Src/stm32f4xx_hal_rcc.o
                0x0000000008003dd8                HAL_RCC_GetHCLKFreq
 .text.HAL_RCC_GetPCLK1Freq
                0x0000000008003df0       0x28 ./Drivers/STM32F4xx_HAL_Driver/Src/stm32f4xx_hal_rcc.o
                0x0000000008003df0                HAL_RCC_GetPCLK1Freq
 .text.HAL_RCC_GetPCLK2Freq
                0x0000000008003e18       0x28 ./Drivers/STM32F4xx_HAL_Driver/Src/stm32f4xx_hal_rcc.o
                0x0000000008003e18                HAL_RCC_GetPCLK2Freq
 .text.HAL_UART_Init
                0x0000000008003e40       0xa0 ./Drivers/STM32F4xx_HAL_Driver/Src/stm32f4xx_hal_uart.o
                0x0000000008003e40                HAL_UART_Init
 .text.HAL_UART_Transmit
                0x0000000008003ee0      0x116 ./Drivers/STM32F4xx_HAL_Driver/Src/stm32f4xx_hal_uart.o
                0x0000000008003ee0                HAL_UART_Transmit
 *fill*         0x0000000008003ff6        0x2 
 .text.HAL_UART_IRQHandler
                0x0000000008003ff8      0x554 ./Drivers/STM32F4xx_HAL_Driver/Src/stm32f4xx_hal_uart.o
                0x0000000008003ff8                HAL_UART_IRQHandler
 .text.HAL_UART_TxCpltCallback
                0x000000000800454c       0x14 ./Drivers/STM32F4xx_HAL_Driver/Src/stm32f4xx_hal_uart.o
                0x000000000800454c                HAL_UART_TxCpltCallback
 .text.HAL_UART_RxCpltCallback
                0x0000000008004560       0x14 ./Drivers/STM32F4xx_HAL_Driver/Src/stm32f4xx_hal_uart.o
                0x0000000008004560                HAL_UART_RxCpltCallback
 .text.HAL_UART_ErrorCallback
                0x0000000008004574       0x14 ./Drivers/STM32F4xx_HAL_Driver/Src/stm32f4xx_hal_uart.o
                0x0000000008004574                HAL_UART_ErrorCallback
 .text.HAL_UARTEx_RxEventCallback
                0x0000000008004588       0x18 ./Drivers/STM32F4xx_HAL_Driver/Src/stm32f4xx_hal_uart.o
                0x0000000008004588                HAL_UARTEx_RxEventCallback
 .text.UART_WaitOnFlagUntilTimeout
                0x00000000080045a0       0xb2 ./Drivers/STM32F4xx_HAL_Driver/Src/stm32f4xx_hal_uart.o
 .text.UART_EndRxTransfer
                0x0000000008004652       0xc6 ./Drivers/STM32F4xx_HAL_Driver/Src/stm32f4xx_hal_uart.o
 .text.UART_DMAAbortOnError
                0x0000000008004718       0x22 ./Drivers/STM32F4xx_HAL_Driver/Src/stm32f4xx_hal_uart.o
 .text.UART_Transmit_IT
                0x000000000800473a       0xa0 ./Drivers/STM32F4xx_HAL_Driver/Src/stm32f4xx_hal_uart.o
 .text.UART_EndTransmit_IT
                0x00000000080047da       0x30 ./Drivers/STM32F4xx_HAL_Driver/Src/stm32f4xx_hal_uart.o
 .text.UART_Receive_IT
                0x000000000800480a      0x17c ./Drivers/STM32F4xx_HAL_Driver/Src/stm32f4xx_hal_uart.o
 *fill*         0x0000000008004986        0x2 
 .text.UART_SetConfig
                0x0000000008004988      0x4e8 ./Drivers/STM32F4xx_HAL_Driver/Src/stm32f4xx_hal_uart.o
 .text.USB_CoreInit
                0x0000000008004e70       0xc8 ./Drivers/STM32F4xx_HAL_Driver/Src/stm32f4xx_ll_usb.o
                0x0000000008004e70                USB_CoreInit
 .text.USB_EnableGlobalInt
                0x0000000008004f38       0x22 ./Drivers/STM32F4xx_HAL_Driver/Src/stm32f4xx_ll_usb.o
                0x0000000008004f38                USB_EnableGlobalInt
 .text.USB_DisableGlobalInt
                0x0000000008004f5a       0x22 ./Drivers/STM32F4xx_HAL_Driver/Src/stm32f4xx_ll_usb.o
                0x0000000008004f5a                USB_DisableGlobalInt
 .text.USB_SetCurrentMode
                0x0000000008004f7c       0x98 ./Drivers/STM32F4xx_HAL_Driver/Src/stm32f4xx_ll_usb.o
                0x0000000008004f7c                USB_SetCurrentMode
 .text.USB_FlushTxFifo
                0x0000000008005014       0x64 ./Drivers/STM32F4xx_HAL_Driver/Src/stm32f4xx_ll_usb.o
                0x0000000008005014                USB_FlushTxFifo
 .text.USB_FlushRxFifo
                0x0000000008005078       0x5c ./Drivers/STM32F4xx_HAL_Driver/Src/stm32f4xx_ll_usb.o
                0x0000000008005078                USB_FlushRxFifo
 .text.USB_WritePacket
                0x00000000080050d4       0x7c ./Drivers/STM32F4xx_HAL_Driver/Src/stm32f4xx_ll_usb.o
                0x00000000080050d4                USB_WritePacket
 .text.USB_ReadPacket
                0x0000000008005150       0xb0 ./Drivers/STM32F4xx_HAL_Driver/Src/stm32f4xx_ll_usb.o
                0x0000000008005150                USB_ReadPacket
 .text.USB_ReadInterrupts
                0x0000000008005200       0x26 ./Drivers/STM32F4xx_HAL_Driver/Src/stm32f4xx_ll_usb.o
                0x0000000008005200                USB_ReadInterrupts
 .text.USB_ReadChInterrupts
                0x0000000008005226       0x42 ./Drivers/STM32F4xx_HAL_Driver/Src/stm32f4xx_ll_usb.o
                0x0000000008005226                USB_ReadChInterrupts
 .text.USB_GetMode
                0x0000000008005268       0x1c ./Drivers/STM32F4xx_HAL_Driver/Src/stm32f4xx_ll_usb.o
                0x0000000008005268                USB_GetMode
 .text.USB_CoreReset
                0x0000000008005284       0x70 ./Drivers/STM32F4xx_HAL_Driver/Src/stm32f4xx_ll_usb.o
 .text.USB_HostInit
                0x00000000080052f4      0x188 ./Drivers/STM32F4xx_HAL_Driver/Src/stm32f4xx_ll_usb.o
                0x00000000080052f4                USB_HostInit
 .text.USB_InitFSLSPClkSel
                0x000000000800547c       0x7a ./Drivers/STM32F4xx_HAL_Driver/Src/stm32f4xx_ll_usb.o
                0x000000000800547c                USB_InitFSLSPClkSel
 .text.USB_ResetPort
                0x00000000080054f6       0x54 ./Drivers/STM32F4xx_HAL_Driver/Src/stm32f4xx_ll_usb.o
                0x00000000080054f6                USB_ResetPort
 .text.USB_DriveVbus
                0x000000000800554a       0x72 ./Drivers/STM32F4xx_HAL_Driver/Src/stm32f4xx_ll_usb.o
                0x000000000800554a                USB_DriveVbus
 .text.USB_GetHostSpeed
                0x00000000080055bc       0x2e ./Drivers/STM32F4xx_HAL_Driver/Src/stm32f4xx_ll_usb.o
                0x00000000080055bc                USB_GetHostSpeed
 .text.USB_GetCurrentFrame
                0x00000000080055ea       0x22 ./Drivers/STM32F4xx_HAL_Driver/Src/stm32f4xx_ll_usb.o
                0x00000000080055ea                USB_GetCurrentFrame
 .text.USB_HC_Init
                0x000000000800560c      0x258 ./Drivers/STM32F4xx_HAL_Driver/Src/stm32f4xx_ll_usb.o
                0x000000000800560c                USB_HC_Init
 .text.USB_HC_StartXfer
                0x0000000008005864      0x4f4 ./Drivers/STM32F4xx_HAL_Driver/Src/stm32f4xx_ll_usb.o
                0x0000000008005864                USB_HC_StartXfer
 .text.USB_HC_ReadInterrupt
                0x0000000008005d58       0x22 ./Drivers/STM32F4xx_HAL_Driver/Src/stm32f4xx_ll_usb.o
                0x0000000008005d58                USB_HC_ReadInterrupt
 .text.USB_HC_Halt
                0x0000000008005d7a      0x240 ./Drivers/STM32F4xx_HAL_Driver/Src/stm32f4xx_ll_usb.o
                0x0000000008005d7a                USB_HC_Halt
 *fill*         0x0000000008005fba        0x2 
 .text.USB_DoPing
                0x0000000008005fbc       0x78 ./Drivers/STM32F4xx_HAL_Driver/Src/stm32f4xx_ll_usb.o
                0x0000000008005fbc                USB_DoPing
 .text.USB_StopHost
                0x0000000008006034      0x124 ./Drivers/STM32F4xx_HAL_Driver/Src/stm32f4xx_ll_usb.o
                0x0000000008006034                USB_StopHost
 .text.USBH_VIDEO_InterfaceInit
                0x0000000008006158      0x270 ./Middlewares/ST/STM32_USB_Host_Library/Class/VIDEO/Src/usbh_video.o
 .text.USBH_VIDEO_InterfaceDeInit
                0x00000000080063c8       0x7e ./Middlewares/ST/STM32_USB_Host_Library/Class/VIDEO/Src/usbh_video.o
 *fill*         0x0000000008006446        0x2 
 .text.USBH_VIDEO_ClassRequest
                0x0000000008006448       0xf8 ./Middlewares/ST/STM32_USB_Host_Library/Class/VIDEO/Src/usbh_video.o
 .text.USBH_VIDEO_CSRequest
                0x0000000008006540       0x22 ./Middlewares/ST/STM32_USB_Host_Library/Class/VIDEO/Src/usbh_video.o
 .text.USBH_VIDEO_HandleCSRequest
                0x0000000008006562       0x3c ./Middlewares/ST/STM32_USB_Host_Library/Class/VIDEO/Src/usbh_video.o
 .text.USBH_VIDEO_ProcessDummy
                0x000000000800659e       0x16 ./Middlewares/ST/STM32_USB_Host_Library/Class/VIDEO/Src/usbh_video.o
 .text.USBH_VIDEO_Process
                0x00000000080065b4       0x34 ./Middlewares/ST/STM32_USB_Host_Library/Class/VIDEO/Src/usbh_video.o
                0x00000000080065b4                USBH_VIDEO_Process
 .text.USBH_VIDEO_InputStream
                0x00000000080065e8       0xcc ./Middlewares/ST/STM32_USB_Host_Library/Class/VIDEO/Src/usbh_video.o
 .text.USBH_VIDEO_SOFProcess
                0x00000000080066b4       0x16 ./Middlewares/ST/STM32_USB_Host_Library/Class/VIDEO/Src/usbh_video.o
 *fill*         0x00000000080066ca        0x2 
 .text.USBH_VS_SetCur
                0x00000000080066cc       0xa4 ./Middlewares/ST/STM32_USB_Host_Library/Class/VIDEO/Src/usbh_video.o
                0x00000000080066cc                USBH_VS_SetCur
 .text.USBH_VS_GetCur
                0x0000000008006770       0x88 ./Middlewares/ST/STM32_USB_Host_Library/Class/VIDEO/Src/usbh_video.o
                0x0000000008006770                USBH_VS_GetCur
 .text.USBH_VIDEO_FindStreamingIN
                0x00000000080067f8      0x194 ./Middlewares/ST/STM32_USB_Host_Library/Class/VIDEO/Src/usbh_video_desc_parsing.o
                0x00000000080067f8                USBH_VIDEO_FindStreamingIN
 .text.USBH_VIDEO_ParseCSDescriptors
                0x000000000800698c       0xd4 ./Middlewares/ST/STM32_USB_Host_Library/Class/VIDEO/Src/usbh_video_desc_parsing.o
                0x000000000800698c                USBH_VIDEO_ParseCSDescriptors
 .text.ParseCSDescriptors
                0x0000000008006a60      0x2b0 ./Middlewares/ST/STM32_USB_Host_Library/Class/VIDEO/Src/usbh_video_desc_parsing.o
                0x0000000008006a60                ParseCSDescriptors
 .text.USBH_VIDEO_AnalyseFormatDescriptors
                0x0000000008006d10       0xdc ./Middlewares/ST/STM32_USB_Host_Library/Class/VIDEO/Src/usbh_video_desc_parsing.o
                0x0000000008006d10                USBH_VIDEO_AnalyseFormatDescriptors
 .text.USBH_VIDEO_AnalyseFrameDescriptors
                0x0000000008006dec      0x108 ./Middlewares/ST/STM32_USB_Host_Library/Class/VIDEO/Src/usbh_video_desc_parsing.o
                0x0000000008006dec                USBH_VIDEO_AnalyseFrameDescriptors
 .text.video_stream_process_packet
                0x0000000008006ef4      0x148 ./Middlewares/ST/STM32_USB_Host_Library/Class/VIDEO/Src/usbh_video_stream_parsing.o
                0x0000000008006ef4                video_stream_process_packet
 .text.video_stream_switch_buffers
                0x000000000800703c       0x98 ./Middlewares/ST/STM32_USB_Host_Library/Class/VIDEO/Src/usbh_video_stream_parsing.o
                0x000000000800703c                video_stream_switch_buffers
 .text.video_stream_add_packet_data
                0x00000000080070d4       0x54 ./Middlewares/ST/STM32_USB_Host_Library/Class/VIDEO/Src/usbh_video_stream_parsing.o
                0x00000000080070d4                video_stream_add_packet_data
 .text.video_stream_init_buffers
                0x0000000008007128       0x70 ./Middlewares/ST/STM32_USB_Host_Library/Class/VIDEO/Src/usbh_video_stream_parsing.o
                0x0000000008007128                video_stream_init_buffers
 .text.video_stream_ready_update
                0x0000000008007198       0x18 ./Middlewares/ST/STM32_USB_Host_Library/Class/VIDEO/Src/usbh_video_stream_parsing.o
                0x0000000008007198                video_stream_ready_update
 .text.USBH_Init
                0x00000000080071b0       0xb8 ./Middlewares/ST/STM32_USB_Host_Library/Core/Src/usbh_core.o
                0x00000000080071b0                USBH_Init
 .text.DeInitStateMachine
                0x0000000008007268       0xfe ./Middlewares/ST/STM32_USB_Host_Library/Core/Src/usbh_core.o
 *fill*         0x0000000008007366        0x2 
 .text.USBH_RegisterClass
                0x0000000008007368       0x90 ./Middlewares/ST/STM32_USB_Host_Library/Core/Src/usbh_core.o
                0x0000000008007368                USBH_RegisterClass
 .text.USBH_FindInterface
                0x00000000080073f8       0x8e ./Middlewares/ST/STM32_USB_Host_Library/Core/Src/usbh_core.o
                0x00000000080073f8                USBH_FindInterface
 .text.USBH_FindInterfaceIndex
                0x0000000008007486       0x68 ./Middlewares/ST/STM32_USB_Host_Library/Core/Src/usbh_core.o
                0x0000000008007486                USBH_FindInterfaceIndex
 .text.USBH_Start
                0x00000000080074ee       0x20 ./Middlewares/ST/STM32_USB_Host_Library/Core/Src/usbh_core.o
                0x00000000080074ee                USBH_Start
 *fill*         0x000000000800750e        0x2 
 .text.USBH_Process
                0x0000000008007510      0x5ac ./Middlewares/ST/STM32_USB_Host_Library/Core/Src/usbh_core.o
                0x0000000008007510                USBH_Process
 .text.USBH_HandleEnum
                0x0000000008007abc      0x5e8 ./Middlewares/ST/STM32_USB_Host_Library/Core/Src/usbh_core.o
 .text.USBH_LL_SetTimer
                0x00000000080080a4       0x24 ./Middlewares/ST/STM32_USB_Host_Library/Core/Src/usbh_core.o
                0x00000000080080a4                USBH_LL_SetTimer
 .text.USBH_LL_IncTimer
                0x00000000080080c8       0x2c ./Middlewares/ST/STM32_USB_Host_Library/Core/Src/usbh_core.o
                0x00000000080080c8                USBH_LL_IncTimer
 .text.USBH_HandleSof
                0x00000000080080f4       0x38 ./Middlewares/ST/STM32_USB_Host_Library/Core/Src/usbh_core.o
 .text.USBH_LL_PortEnabled
                0x000000000800812c       0x20 ./Middlewares/ST/STM32_USB_Host_Library/Core/Src/usbh_core.o
                0x000000000800812c                USBH_LL_PortEnabled
 .text.USBH_LL_PortDisabled
                0x000000000800814c       0x2c ./Middlewares/ST/STM32_USB_Host_Library/Core/Src/usbh_core.o
                0x000000000800814c                USBH_LL_PortDisabled
 .text.USBH_LL_Connect
                0x0000000008008178       0x3a ./Middlewares/ST/STM32_USB_Host_Library/Core/Src/usbh_core.o
                0x0000000008008178                USBH_LL_Connect
 .text.USBH_LL_Disconnect
                0x00000000080081b2       0x54 ./Middlewares/ST/STM32_USB_Host_Library/Core/Src/usbh_core.o
                0x00000000080081b2                USBH_LL_Disconnect
 *fill*         0x0000000008008206        0x2 
 .text.USBH_Get_DevDesc
                0x0000000008008208       0x74 ./Middlewares/ST/STM32_USB_Host_Library/Core/Src/usbh_ctlreq.o
                0x0000000008008208                USBH_Get_DevDesc
 .text.USBH_Get_CfgDesc
                0x000000000800827c       0x70 ./Middlewares/ST/STM32_USB_Host_Library/Core/Src/usbh_ctlreq.o
                0x000000000800827c                USBH_Get_CfgDesc
 .text.USBH_Get_StringDesc
                0x00000000080082ec       0x84 ./Middlewares/ST/STM32_USB_Host_Library/Core/Src/usbh_ctlreq.o
                0x00000000080082ec                USBH_Get_StringDesc
 .text.USBH_GetDescriptor
                0x0000000008008370       0x6a ./Middlewares/ST/STM32_USB_Host_Library/Core/Src/usbh_ctlreq.o
                0x0000000008008370                USBH_GetDescriptor
 .text.USBH_SetAddress
                0x00000000080083da       0x48 ./Middlewares/ST/STM32_USB_Host_Library/Core/Src/usbh_ctlreq.o
                0x00000000080083da                USBH_SetAddress
 .text.USBH_SetCfg
                0x0000000008008422       0x46 ./Middlewares/ST/STM32_USB_Host_Library/Core/Src/usbh_ctlreq.o
                0x0000000008008422                USBH_SetCfg
 .text.USBH_SetInterface
                0x0000000008008468       0x4e ./Middlewares/ST/STM32_USB_Host_Library/Core/Src/usbh_ctlreq.o
                0x0000000008008468                USBH_SetInterface
 .text.USBH_SetFeature
                0x00000000080084b6       0x48 ./Middlewares/ST/STM32_USB_Host_Library/Core/Src/usbh_ctlreq.o
                0x00000000080084b6                USBH_SetFeature
 *fill*         0x00000000080084fe        0x2 
 .text.USBH_ParseDevDesc
                0x0000000008008500      0x174 ./Middlewares/ST/STM32_USB_Host_Library/Core/Src/usbh_ctlreq.o
 .text.USBH_ParseCfgDesc
                0x0000000008008674      0x17a ./Middlewares/ST/STM32_USB_Host_Library/Core/Src/usbh_ctlreq.o
 .text.USBH_ParseInterfaceDesc
                0x00000000080087ee       0x5e ./Middlewares/ST/STM32_USB_Host_Library/Core/Src/usbh_ctlreq.o
 .text.USBH_ParseEPDesc
                0x000000000800884c      0x1de ./Middlewares/ST/STM32_USB_Host_Library/Core/Src/usbh_ctlreq.o
 .text.USBH_ParseStringDesc
                0x0000000008008a2a       0x66 ./Middlewares/ST/STM32_USB_Host_Library/Core/Src/usbh_ctlreq.o
 .text.USBH_GetNextDesc
                0x0000000008008a90       0x36 ./Middlewares/ST/STM32_USB_Host_Library/Core/Src/usbh_ctlreq.o
                0x0000000008008a90                USBH_GetNextDesc
 .text.USBH_CtlReq
                0x0000000008008ac6       0x7a ./Middlewares/ST/STM32_USB_Host_Library/Core/Src/usbh_ctlreq.o
                0x0000000008008ac6                USBH_CtlReq
 .text.USBH_HandleControl
                0x0000000008008b40      0x318 ./Middlewares/ST/STM32_USB_Host_Library/Core/Src/usbh_ctlreq.o
 .text.USBH_CtlSendSetup
                0x0000000008008e58       0x34 ./Middlewares/ST/STM32_USB_Host_Library/Core/Src/usbh_ioreq.o
                0x0000000008008e58                USBH_CtlSendSetup
 .text.USBH_CtlSendData
                0x0000000008008e8c       0x4e ./Middlewares/ST/STM32_USB_Host_Library/Core/Src/usbh_ioreq.o
                0x0000000008008e8c                USBH_CtlSendData
 .text.USBH_CtlReceiveData
                0x0000000008008eda       0x3c ./Middlewares/ST/STM32_USB_Host_Library/Core/Src/usbh_ioreq.o
                0x0000000008008eda                USBH_CtlReceiveData
 .text.USBH_IsocReceiveData
                0x0000000008008f16       0x36 ./Middlewares/ST/STM32_USB_Host_Library/Core/Src/usbh_ioreq.o
                0x0000000008008f16                USBH_IsocReceiveData
 .text.USBH_OpenPipe
                0x0000000008008f4c       0x3e ./Middlewares/ST/STM32_USB_Host_Library/Core/Src/usbh_pipes.o
                0x0000000008008f4c                USBH_OpenPipe
 .text.USBH_ClosePipe
                0x0000000008008f8a       0x20 ./Middlewares/ST/STM32_USB_Host_Library/Core/Src/usbh_pipes.o
                0x0000000008008f8a                USBH_ClosePipe
 .text.USBH_AllocPipe
                0x0000000008008faa       0x42 ./Middlewares/ST/STM32_USB_Host_Library/Core/Src/usbh_pipes.o
                0x0000000008008faa                USBH_AllocPipe
 .text.USBH_FreePipe
                0x0000000008008fec       0x3c ./Middlewares/ST/STM32_USB_Host_Library/Core/Src/usbh_pipes.o
                0x0000000008008fec                USBH_FreePipe
 .text.USBH_GetFreePipe
                0x0000000008009028       0x48 ./Middlewares/ST/STM32_USB_Host_Library/Core/Src/usbh_pipes.o
 .text.USB_HOST_fast_class_call
                0x0000000008009070       0x1c ./USB_HOST/App/usb_host.o
                0x0000000008009070                USB_HOST_fast_class_call
 .text.MX_USB_HOST_Init
                0x000000000800908c       0x40 ./USB_HOST/App/usb_host.o
                0x000000000800908c                MX_USB_HOST_Init
 .text.MX_USB_HOST_Process
                0x00000000080090cc       0x14 ./USB_HOST/App/usb_host.o
                0x00000000080090cc                MX_USB_HOST_Process
 .text.USBH_UserProcess
                0x00000000080090e0       0x88 ./USB_HOST/App/usb_host.o
 .text.HAL_HCD_MspInit
                0x0000000008009168      0x200 ./USB_HOST/Target/usbh_conf.o
                0x0000000008009168                HAL_HCD_MspInit
 .text.HAL_HCD_SOF_Callback
                0x0000000008009368       0x1c ./USB_HOST/Target/usbh_conf.o
                0x0000000008009368                HAL_HCD_SOF_Callback
 .text.HAL_HCD_Connect_Callback
                0x0000000008009384       0x1c ./USB_HOST/Target/usbh_conf.o
                0x0000000008009384                HAL_HCD_Connect_Callback
 .text.HAL_HCD_Disconnect_Callback
                0x00000000080093a0       0x1c ./USB_HOST/Target/usbh_conf.o
                0x00000000080093a0                HAL_HCD_Disconnect_Callback
 .text.HAL_HCD_HC_NotifyURBChange_Callback
                0x00000000080093bc       0x1c ./USB_HOST/Target/usbh_conf.o
                0x00000000080093bc                HAL_HCD_HC_NotifyURBChange_Callback
 .text.HAL_HCD_PortEnabled_Callback
                0x00000000080093d8       0x1c ./USB_HOST/Target/usbh_conf.o
                0x00000000080093d8                HAL_HCD_PortEnabled_Callback
 .text.HAL_HCD_PortDisabled_Callback
                0x00000000080093f4       0x1c ./USB_HOST/Target/usbh_conf.o
                0x00000000080093f4                HAL_HCD_PortDisabled_Callback
 .text.USBH_LL_Init
                0x0000000008009410       0x94 ./USB_HOST/Target/usbh_conf.o
                0x0000000008009410                USBH_LL_Init
 .text.USBH_LL_Start
                0x00000000080094a4       0x3a ./USB_HOST/Target/usbh_conf.o
                0x00000000080094a4                USBH_LL_Start
 .text.USBH_LL_Stop
                0x00000000080094de       0x3a ./USB_HOST/Target/usbh_conf.o
                0x00000000080094de                USBH_LL_Stop
 .text.USBH_LL_GetSpeed
                0x0000000008009518       0x52 ./USB_HOST/Target/usbh_conf.o
                0x0000000008009518                USBH_LL_GetSpeed
 .text.USBH_LL_ResetPort
                0x000000000800956a       0x3a ./USB_HOST/Target/usbh_conf.o
                0x000000000800956a                USBH_LL_ResetPort
 .text.USBH_LL_GetLastXferSize
                0x00000000080095a4       0x2a ./USB_HOST/Target/usbh_conf.o
                0x00000000080095a4                USBH_LL_GetLastXferSize
 .text.USBH_LL_OpenPipe
                0x00000000080095ce       0x62 ./USB_HOST/Target/usbh_conf.o
                0x00000000080095ce                USBH_LL_OpenPipe
 .text.USBH_LL_ClosePipe
                0x0000000008009630       0x42 ./USB_HOST/Target/usbh_conf.o
                0x0000000008009630                USBH_LL_ClosePipe
 .text.USBH_LL_SubmitURB
                0x0000000008009672       0x66 ./USB_HOST/Target/usbh_conf.o
                0x0000000008009672                USBH_LL_SubmitURB
 .text.USBH_LL_GetURBState
                0x00000000080096d8       0x2a ./USB_HOST/Target/usbh_conf.o
                0x00000000080096d8                USBH_LL_GetURBState
 .text.USBH_LL_DriverVBUS
                0x0000000008009702       0x1c ./USB_HOST/Target/usbh_conf.o
                0x0000000008009702                USBH_LL_DriverVBUS
 .text.USBH_LL_SetToggle
                0x000000000800971e       0x6a ./USB_HOST/Target/usbh_conf.o
                0x000000000800971e                USBH_LL_SetToggle
 .text.USBH_Delay
                0x0000000008009788       0x16 ./USB_HOST/Target/usbh_conf.o
                0x0000000008009788                USBH_Delay
 *fill*         0x000000000800979e        0x2 
 .text.USBH_Get_USB_Status
                0x00000000080097a0       0x58 ./USB_HOST/Target/usbh_conf.o
                0x00000000080097a0                USBH_Get_USB_Status
 .text.malloc   0x00000000080097f8       0x10 C:/ST/STM32CubeIDE_1.14.1/STM32CubeIDE/plugins/com.st.stm32cube.ide.mcu.externaltools.gnu-tools-for-stm32.11.3.rel1.win32_1.1.100.202309141235/tools/bin/../lib/gcc/arm-none-eabi/11.3.1/../../../../arm-none-eabi/lib/thumb/v7e-m+fp/hard\libc_nano.a(libc_a-malloc.o)
                0x00000000080097f8                malloc
 .text.free     0x0000000008009808       0x10 C:/ST/STM32CubeIDE_1.14.1/STM32CubeIDE/plugins/com.st.stm32cube.ide.mcu.externaltools.gnu-tools-for-stm32.11.3.rel1.win32_1.1.100.202309141235/tools/bin/../lib/gcc/arm-none-eabi/11.3.1/../../../../arm-none-eabi/lib/thumb/v7e-m+fp/hard\libc_nano.a(libc_a-malloc.o)
                0x0000000008009808                free
 .text.sbrk_aligned
                0x0000000008009818       0x40 C:/ST/STM32CubeIDE_1.14.1/STM32CubeIDE/plugins/com.st.stm32cube.ide.mcu.externaltools.gnu-tools-for-stm32.11.3.rel1.win32_1.1.100.202309141235/tools/bin/../lib/gcc/arm-none-eabi/11.3.1/../../../../arm-none-eabi/lib/thumb/v7e-m+fp/hard\libc_nano.a(libc_a-mallocr.o)
 .text._malloc_r
                0x0000000008009858      0x100 C:/ST/STM32CubeIDE_1.14.1/STM32CubeIDE/plugins/com.st.stm32cube.ide.mcu.externaltools.gnu-tools-for-stm32.11.3.rel1.win32_1.1.100.202309141235/tools/bin/../lib/gcc/arm-none-eabi/11.3.1/../../../../arm-none-eabi/lib/thumb/v7e-m+fp/hard\libc_nano.a(libc_a-mallocr.o)
                0x0000000008009858                _malloc_r
 .text.__malloc_lock
                0x0000000008009958        0xc C:/ST/STM32CubeIDE_1.14.1/STM32CubeIDE/plugins/com.st.stm32cube.ide.mcu.externaltools.gnu-tools-for-stm32.11.3.rel1.win32_1.1.100.202309141235/tools/bin/../lib/gcc/arm-none-eabi/11.3.1/../../../../arm-none-eabi/lib/thumb/v7e-m+fp/hard\libc_nano.a(libc_a-mlock.o)
                0x0000000008009958                __malloc_lock
 .text.__malloc_unlock
                0x0000000008009964        0xc C:/ST/STM32CubeIDE_1.14.1/STM32CubeIDE/plugins/com.st.stm32cube.ide.mcu.externaltools.gnu-tools-for-stm32.11.3.rel1.win32_1.1.100.202309141235/tools/bin/../lib/gcc/arm-none-eabi/11.3.1/../../../../arm-none-eabi/lib/thumb/v7e-m+fp/hard\libc_nano.a(libc_a-mlock.o)
                0x0000000008009964                __malloc_unlock
 .text.std      0x0000000008009970       0x6c C:/ST/STM32CubeIDE_1.14.1/STM32CubeIDE/plugins/com.st.stm32cube.ide.mcu.externaltools.gnu-tools-for-stm32.11.3.rel1.win32_1.1.100.202309141235/tools/bin/../lib/gcc/arm-none-eabi/11.3.1/../../../../arm-none-eabi/lib/thumb/v7e-m+fp/hard\libc_nano.a(libc_a-findfp.o)
 .text.stdio_exit_handler
                0x00000000080099dc       0x18 C:/ST/STM32CubeIDE_1.14.1/STM32CubeIDE/plugins/com.st.stm32cube.ide.mcu.externaltools.gnu-tools-for-stm32.11.3.rel1.win32_1.1.100.202309141235/tools/bin/../lib/gcc/arm-none-eabi/11.3.1/../../../../arm-none-eabi/lib/thumb/v7e-m+fp/hard\libc_nano.a(libc_a-findfp.o)
 .text.cleanup_stdio
                0x00000000080099f4       0x40 C:/ST/STM32CubeIDE_1.14.1/STM32CubeIDE/plugins/com.st.stm32cube.ide.mcu.externaltools.gnu-tools-for-stm32.11.3.rel1.win32_1.1.100.202309141235/tools/bin/../lib/gcc/arm-none-eabi/11.3.1/../../../../arm-none-eabi/lib/thumb/v7e-m+fp/hard\libc_nano.a(libc_a-findfp.o)
 .text.global_stdio_init.part.0
                0x0000000008009a34       0x3c C:/ST/STM32CubeIDE_1.14.1/STM32CubeIDE/plugins/com.st.stm32cube.ide.mcu.externaltools.gnu-tools-for-stm32.11.3.rel1.win32_1.1.100.202309141235/tools/bin/../lib/gcc/arm-none-eabi/11.3.1/../../../../arm-none-eabi/lib/thumb/v7e-m+fp/hard\libc_nano.a(libc_a-findfp.o)
 .text.__sfp_lock_acquire
                0x0000000008009a70        0xc C:/ST/STM32CubeIDE_1.14.1/STM32CubeIDE/plugins/com.st.stm32cube.ide.mcu.externaltools.gnu-tools-for-stm32.11.3.rel1.win32_1.1.100.202309141235/tools/bin/../lib/gcc/arm-none-eabi/11.3.1/../../../../arm-none-eabi/lib/thumb/v7e-m+fp/hard\libc_nano.a(libc_a-findfp.o)
                0x0000000008009a70                __sfp_lock_acquire
 .text.__sfp_lock_release
                0x0000000008009a7c        0xc C:/ST/STM32CubeIDE_1.14.1/STM32CubeIDE/plugins/com.st.stm32cube.ide.mcu.externaltools.gnu-tools-for-stm32.11.3.rel1.win32_1.1.100.202309141235/tools/bin/../lib/gcc/arm-none-eabi/11.3.1/../../../../arm-none-eabi/lib/thumb/v7e-m+fp/hard\libc_nano.a(libc_a-findfp.o)
                0x0000000008009a7c                __sfp_lock_release
 .text.__sinit  0x0000000008009a88       0x30 C:/ST/STM32CubeIDE_1.14.1/STM32CubeIDE/plugins/com.st.stm32cube.ide.mcu.externaltools.gnu-tools-for-stm32.11.3.rel1.win32_1.1.100.202309141235/tools/bin/../lib/gcc/arm-none-eabi/11.3.1/../../../../arm-none-eabi/lib/thumb/v7e-m+fp/hard\libc_nano.a(libc_a-findfp.o)
                0x0000000008009a88                __sinit
 .text._fwalk_sglue
                0x0000000008009ab8       0x3c C:/ST/STM32CubeIDE_1.14.1/STM32CubeIDE/plugins/com.st.stm32cube.ide.mcu.externaltools.gnu-tools-for-stm32.11.3.rel1.win32_1.1.100.202309141235/tools/bin/../lib/gcc/arm-none-eabi/11.3.1/../../../../arm-none-eabi/lib/thumb/v7e-m+fp/hard\libc_nano.a(libc_a-fwalk.o)
                0x0000000008009ab8                _fwalk_sglue
 .text.printf   0x0000000008009af4       0x24 C:/ST/STM32CubeIDE_1.14.1/STM32CubeIDE/plugins/com.st.stm32cube.ide.mcu.externaltools.gnu-tools-for-stm32.11.3.rel1.win32_1.1.100.202309141235/tools/bin/../lib/gcc/arm-none-eabi/11.3.1/../../../../arm-none-eabi/lib/thumb/v7e-m+fp/hard\libc_nano.a(libc_a-printf.o)
                0x0000000008009af4                iprintf
                0x0000000008009af4                printf
 .text.putchar  0x0000000008009b18       0x10 C:/ST/STM32CubeIDE_1.14.1/STM32CubeIDE/plugins/com.st.stm32cube.ide.mcu.externaltools.gnu-tools-for-stm32.11.3.rel1.win32_1.1.100.202309141235/tools/bin/../lib/gcc/arm-none-eabi/11.3.1/../../../../arm-none-eabi/lib/thumb/v7e-m+fp/hard\libc_nano.a(libc_a-putchar.o)
                0x0000000008009b18                putchar
 .text.__sread  0x0000000008009b28       0x22 C:/ST/STM32CubeIDE_1.14.1/STM32CubeIDE/plugins/com.st.stm32cube.ide.mcu.externaltools.gnu-tools-for-stm32.11.3.rel1.win32_1.1.100.202309141235/tools/bin/../lib/gcc/arm-none-eabi/11.3.1/../../../../arm-none-eabi/lib/thumb/v7e-m+fp/hard\libc_nano.a(libc_a-stdio.o)
                0x0000000008009b28                __sread
 .text.__swrite
                0x0000000008009b4a       0x38 C:/ST/STM32CubeIDE_1.14.1/STM32CubeIDE/plugins/com.st.stm32cube.ide.mcu.externaltools.gnu-tools-for-stm32.11.3.rel1.win32_1.1.100.202309141235/tools/bin/../lib/gcc/arm-none-eabi/11.3.1/../../../../arm-none-eabi/lib/thumb/v7e-m+fp/hard\libc_nano.a(libc_a-stdio.o)
                0x0000000008009b4a                __swrite
 .text.__sseek  0x0000000008009b82       0x24 C:/ST/STM32CubeIDE_1.14.1/STM32CubeIDE/plugins/com.st.stm32cube.ide.mcu.externaltools.gnu-tools-for-stm32.11.3.rel1.win32_1.1.100.202309141235/tools/bin/../lib/gcc/arm-none-eabi/11.3.1/../../../../arm-none-eabi/lib/thumb/v7e-m+fp/hard\libc_nano.a(libc_a-stdio.o)
                0x0000000008009b82                __sseek
 .text.__sclose
                0x0000000008009ba6        0x8 C:/ST/STM32CubeIDE_1.14.1/STM32CubeIDE/plugins/com.st.stm32cube.ide.mcu.externaltools.gnu-tools-for-stm32.11.3.rel1.win32_1.1.100.202309141235/tools/bin/../lib/gcc/arm-none-eabi/11.3.1/../../../../arm-none-eabi/lib/thumb/v7e-m+fp/hard\libc_nano.a(libc_a-stdio.o)
                0x0000000008009ba6                __sclose
 .text.memcmp   0x0000000008009bae       0x20 C:/ST/STM32CubeIDE_1.14.1/STM32CubeIDE/plugins/com.st.stm32cube.ide.mcu.externaltools.gnu-tools-for-stm32.11.3.rel1.win32_1.1.100.202309141235/tools/bin/../lib/gcc/arm-none-eabi/11.3.1/../../../../arm-none-eabi/lib/thumb/v7e-m+fp/hard\libc_nano.a(libc_a-memcmp.o)
                0x0000000008009bae                memcmp
 .text.memset   0x0000000008009bce       0x10 C:/ST/STM32CubeIDE_1.14.1/STM32CubeIDE/plugins/com.st.stm32cube.ide.mcu.externaltools.gnu-tools-for-stm32.11.3.rel1.win32_1.1.100.202309141235/tools/bin/../lib/gcc/arm-none-eabi/11.3.1/../../../../arm-none-eabi/lib/thumb/v7e-m+fp/hard\libc_nano.a(libc_a-memset.o)
                0x0000000008009bce                memset
 *fill*         0x0000000008009bde        0x2 
 .text._close_r
                0x0000000008009be0       0x20 C:/ST/STM32CubeIDE_1.14.1/STM32CubeIDE/plugins/com.st.stm32cube.ide.mcu.externaltools.gnu-tools-for-stm32.11.3.rel1.win32_1.1.100.202309141235/tools/bin/../lib/gcc/arm-none-eabi/11.3.1/../../../../arm-none-eabi/lib/thumb/v7e-m+fp/hard\libc_nano.a(libc_a-closer.o)
                0x0000000008009be0                _close_r
 .text._lseek_r
                0x0000000008009c00       0x24 C:/ST/STM32CubeIDE_1.14.1/STM32CubeIDE/plugins/com.st.stm32cube.ide.mcu.externaltools.gnu-tools-for-stm32.11.3.rel1.win32_1.1.100.202309141235/tools/bin/../lib/gcc/arm-none-eabi/11.3.1/../../../../arm-none-eabi/lib/thumb/v7e-m+fp/hard\libc_nano.a(libc_a-lseekr.o)
                0x0000000008009c00                _lseek_r
 .text._read_r  0x0000000008009c24       0x24 C:/ST/STM32CubeIDE_1.14.1/STM32CubeIDE/plugins/com.st.stm32cube.ide.mcu.externaltools.gnu-tools-for-stm32.11.3.rel1.win32_1.1.100.202309141235/tools/bin/../lib/gcc/arm-none-eabi/11.3.1/../../../../arm-none-eabi/lib/thumb/v7e-m+fp/hard\libc_nano.a(libc_a-readr.o)
                0x0000000008009c24                _read_r
 .text._sbrk_r  0x0000000008009c48       0x20 C:/ST/STM32CubeIDE_1.14.1/STM32CubeIDE/plugins/com.st.stm32cube.ide.mcu.externaltools.gnu-tools-for-stm32.11.3.rel1.win32_1.1.100.202309141235/tools/bin/../lib/gcc/arm-none-eabi/11.3.1/../../../../arm-none-eabi/lib/thumb/v7e-m+fp/hard\libc_nano.a(libc_a-sbrkr.o)
                0x0000000008009c48                _sbrk_r
 .text._write_r
                0x0000000008009c68       0x24 C:/ST/STM32CubeIDE_1.14.1/STM32CubeIDE/plugins/com.st.stm32cube.ide.mcu.externaltools.gnu-tools-for-stm32.11.3.rel1.win32_1.1.100.202309141235/tools/bin/../lib/gcc/arm-none-eabi/11.3.1/../../../../arm-none-eabi/lib/thumb/v7e-m+fp/hard\libc_nano.a(libc_a-writer.o)
                0x0000000008009c68                _write_r
 .text.__errno  0x0000000008009c8c        0xc C:/ST/STM32CubeIDE_1.14.1/STM32CubeIDE/plugins/com.st.stm32cube.ide.mcu.externaltools.gnu-tools-for-stm32.11.3.rel1.win32_1.1.100.202309141235/tools/bin/../lib/gcc/arm-none-eabi/11.3.1/../../../../arm-none-eabi/lib/thumb/v7e-m+fp/hard\libc_nano.a(libc_a-errno.o)
                0x0000000008009c8c                __errno
 .text.__libc_init_array
                0x0000000008009c98       0x48 C:/ST/STM32CubeIDE_1.14.1/STM32CubeIDE/plugins/com.st.stm32cube.ide.mcu.externaltools.gnu-tools-for-stm32.11.3.rel1.win32_1.1.100.202309141235/tools/bin/../lib/gcc/arm-none-eabi/11.3.1/../../../../arm-none-eabi/lib/thumb/v7e-m+fp/hard\libc_nano.a(libc_a-init.o)
                0x0000000008009c98                __libc_init_array
 .text.__retarget_lock_init_recursive
                0x0000000008009ce0        0x2 C:/ST/STM32CubeIDE_1.14.1/STM32CubeIDE/plugins/com.st.stm32cube.ide.mcu.externaltools.gnu-tools-for-stm32.11.3.rel1.win32_1.1.100.202309141235/tools/bin/../lib/gcc/arm-none-eabi/11.3.1/../../../../arm-none-eabi/lib/thumb/v7e-m+fp/hard\libc_nano.a(libc_a-lock.o)
                0x0000000008009ce0                __retarget_lock_init_recursive
 .text.__retarget_lock_acquire_recursive
                0x0000000008009ce2        0x2 C:/ST/STM32CubeIDE_1.14.1/STM32CubeIDE/plugins/com.st.stm32cube.ide.mcu.externaltools.gnu-tools-for-stm32.11.3.rel1.win32_1.1.100.202309141235/tools/bin/../lib/gcc/arm-none-eabi/11.3.1/../../../../arm-none-eabi/lib/thumb/v7e-m+fp/hard\libc_nano.a(libc_a-lock.o)
                0x0000000008009ce2                __retarget_lock_acquire_recursive
 .text.__retarget_lock_release_recursive
                0x0000000008009ce4        0x2 C:/ST/STM32CubeIDE_1.14.1/STM32CubeIDE/plugins/com.st.stm32cube.ide.mcu.externaltools.gnu-tools-for-stm32.11.3.rel1.win32_1.1.100.202309141235/tools/bin/../lib/gcc/arm-none-eabi/11.3.1/../../../../arm-none-eabi/lib/thumb/v7e-m+fp/hard\libc_nano.a(libc_a-lock.o)
                0x0000000008009ce4                __retarget_lock_release_recursive
 .text.memcpy   0x0000000008009ce6       0x1c C:/ST/STM32CubeIDE_1.14.1/STM32CubeIDE/plugins/com.st.stm32cube.ide.mcu.externaltools.gnu-tools-for-stm32.11.3.rel1.win32_1.1.100.202309141235/tools/bin/../lib/gcc/arm-none-eabi/11.3.1/../../../../arm-none-eabi/lib/thumb/v7e-m+fp/hard\libc_nano.a(libc_a-memcpy-stub.o)
                0x0000000008009ce6                memcpy
 *fill*         0x0000000008009d02        0x2 
 .text._free_r  0x0000000008009d04       0x98 C:/ST/STM32CubeIDE_1.14.1/STM32CubeIDE/plugins/com.st.stm32cube.ide.mcu.externaltools.gnu-tools-for-stm32.11.3.rel1.win32_1.1.100.202309141235/tools/bin/../lib/gcc/arm-none-eabi/11.3.1/../../../../arm-none-eabi/lib/thumb/v7e-m+fp/hard\libc_nano.a(libc_a-freer.o)
                0x0000000008009d04                _free_r
 .text.__sfputc_r
                0x0000000008009d9c       0x2e C:/ST/STM32CubeIDE_1.14.1/STM32CubeIDE/plugins/com.st.stm32cube.ide.mcu.externaltools.gnu-tools-for-stm32.11.3.rel1.win32_1.1.100.202309141235/tools/bin/../lib/gcc/arm-none-eabi/11.3.1/../../../../arm-none-eabi/lib/thumb/v7e-m+fp/hard\libc_nano.a(libc_a-nano-vfprintf.o)
 .text.__sfputs_r
                0x0000000008009dca       0x24 C:/ST/STM32CubeIDE_1.14.1/STM32CubeIDE/plugins/com.st.stm32cube.ide.mcu.externaltools.gnu-tools-for-stm32.11.3.rel1.win32_1.1.100.202309141235/tools/bin/../lib/gcc/arm-none-eabi/11.3.1/../../../../arm-none-eabi/lib/thumb/v7e-m+fp/hard\libc_nano.a(libc_a-nano-vfprintf.o)
                0x0000000008009dca                __sfputs_r
 *fill*         0x0000000008009dee        0x2 
 .text._vfprintf_r
                0x0000000008009df0      0x234 C:/ST/STM32CubeIDE_1.14.1/STM32CubeIDE/plugins/com.st.stm32cube.ide.mcu.externaltools.gnu-tools-for-stm32.11.3.rel1.win32_1.1.100.202309141235/tools/bin/../lib/gcc/arm-none-eabi/11.3.1/../../../../arm-none-eabi/lib/thumb/v7e-m+fp/hard\libc_nano.a(libc_a-nano-vfprintf.o)
                0x0000000008009df0                _vfprintf_r
                0x0000000008009df0                _vfiprintf_r
 .text._printf_common
                0x000000000800a024       0xda C:/ST/STM32CubeIDE_1.14.1/STM32CubeIDE/plugins/com.st.stm32cube.ide.mcu.externaltools.gnu-tools-for-stm32.11.3.rel1.win32_1.1.100.202309141235/tools/bin/../lib/gcc/arm-none-eabi/11.3.1/../../../../arm-none-eabi/lib/thumb/v7e-m+fp/hard\libc_nano.a(libc_a-nano-vfprintf_i.o)
                0x000000000800a024                _printf_common
 *fill*         0x000000000800a0fe        0x2 
 .text._printf_i
                0x000000000800a100      0x244 C:/ST/STM32CubeIDE_1.14.1/STM32CubeIDE/plugins/com.st.stm32cube.ide.mcu.externaltools.gnu-tools-for-stm32.11.3.rel1.win32_1.1.100.202309141235/tools/bin/../lib/gcc/arm-none-eabi/11.3.1/../../../../arm-none-eabi/lib/thumb/v7e-m+fp/hard\libc_nano.a(libc_a-nano-vfprintf_i.o)
                0x000000000800a100                _printf_i
 .text.__sflush_r
                0x000000000800a344      0x10c C:/ST/STM32CubeIDE_1.14.1/STM32CubeIDE/plugins/com.st.stm32cube.ide.mcu.externaltools.gnu-tools-for-stm32.11.3.rel1.win32_1.1.100.202309141235/tools/bin/../lib/gcc/arm-none-eabi/11.3.1/../../../../arm-none-eabi/lib/thumb/v7e-m+fp/hard\libc_nano.a(libc_a-fflush.o)
                0x000000000800a344                __sflush_r
 .text._fflush_r
                0x000000000800a450       0x50 C:/ST/STM32CubeIDE_1.14.1/STM32CubeIDE/plugins/com.st.stm32cube.ide.mcu.externaltools.gnu-tools-for-stm32.11.3.rel1.win32_1.1.100.202309141235/tools/bin/../lib/gcc/arm-none-eabi/11.3.1/../../../../arm-none-eabi/lib/thumb/v7e-m+fp/hard\libc_nano.a(libc_a-fflush.o)
                0x000000000800a450                _fflush_r
 .text._putc_r  0x000000000800a4a0       0x68 C:/ST/STM32CubeIDE_1.14.1/STM32CubeIDE/plugins/com.st.stm32cube.ide.mcu.externaltools.gnu-tools-for-stm32.11.3.rel1.win32_1.1.100.202309141235/tools/bin/../lib/gcc/arm-none-eabi/11.3.1/../../../../arm-none-eabi/lib/thumb/v7e-m+fp/hard\libc_nano.a(libc_a-putc.o)
                0x000000000800a4a0                _putc_r
 .text.__swbuf_r
                0x000000000800a508       0x7a C:/ST/STM32CubeIDE_1.14.1/STM32CubeIDE/plugins/com.st.stm32cube.ide.mcu.externaltools.gnu-tools-for-stm32.11.3.rel1.win32_1.1.100.202309141235/tools/bin/../lib/gcc/arm-none-eabi/11.3.1/../../../../arm-none-eabi/lib/thumb/v7e-m+fp/hard\libc_nano.a(libc_a-wbuf.o)
                0x000000000800a508                __swbuf_r
 *fill*         0x000000000800a582        0x2 
 .text.__swsetup_r
                0x000000000800a584       0xb0 C:/ST/STM32CubeIDE_1.14.1/STM32CubeIDE/plugins/com.st.stm32cube.ide.mcu.externaltools.gnu-tools-for-stm32.11.3.rel1.win32_1.1.100.202309141235/tools/bin/../lib/gcc/arm-none-eabi/11.3.1/../../../../arm-none-eabi/lib/thumb/v7e-m+fp/hard\libc_nano.a(libc_a-wsetup.o)
                0x000000000800a584                __swsetup_r
 .text.__swhatbuf_r
                0x000000000800a634       0x4c C:/ST/STM32CubeIDE_1.14.1/STM32CubeIDE/plugins/com.st.stm32cube.ide.mcu.externaltools.gnu-tools-for-stm32.11.3.rel1.win32_1.1.100.202309141235/tools/bin/../lib/gcc/arm-none-eabi/11.3.1/../../../../arm-none-eabi/lib/thumb/v7e-m+fp/hard\libc_nano.a(libc_a-makebuf.o)
                0x000000000800a634                __swhatbuf_r
 .text.__smakebuf_r
                0x000000000800a680       0x78 C:/ST/STM32CubeIDE_1.14.1/STM32CubeIDE/plugins/com.st.stm32cube.ide.mcu.externaltools.gnu-tools-for-stm32.11.3.rel1.win32_1.1.100.202309141235/tools/bin/../lib/gcc/arm-none-eabi/11.3.1/../../../../arm-none-eabi/lib/thumb/v7e-m+fp/hard\libc_nano.a(libc_a-makebuf.o)
                0x000000000800a680                __smakebuf_r
 .text._fstat_r
                0x000000000800a6f8       0x24 C:/ST/STM32CubeIDE_1.14.1/STM32CubeIDE/plugins/com.st.stm32cube.ide.mcu.externaltools.gnu-tools-for-stm32.11.3.rel1.win32_1.1.100.202309141235/tools/bin/../lib/gcc/arm-none-eabi/11.3.1/../../../../arm-none-eabi/lib/thumb/v7e-m+fp/hard\libc_nano.a(libc_a-fstatr.o)
                0x000000000800a6f8                _fstat_r
 .text._isatty_r
                0x000000000800a71c       0x20 C:/ST/STM32CubeIDE_1.14.1/STM32CubeIDE/plugins/com.st.stm32cube.ide.mcu.externaltools.gnu-tools-for-stm32.11.3.rel1.win32_1.1.100.202309141235/tools/bin/../lib/gcc/arm-none-eabi/11.3.1/../../../../arm-none-eabi/lib/thumb/v7e-m+fp/hard\libc_nano.a(libc_a-isattyr.o)
                0x000000000800a71c                _isatty_r
 *(.glue_7)
 .glue_7        0x000000000800a73c        0x0 linker stubs
 *(.glue_7t)
 .glue_7t       0x000000000800a73c        0x0 linker stubs
 *(.eh_frame)
 .eh_frame      0x000000000800a73c        0x0 C:/ST/STM32CubeIDE_1.14.1/STM32CubeIDE/plugins/com.st.stm32cube.ide.mcu.externaltools.gnu-tools-for-stm32.11.3.rel1.win32_1.1.100.202309141235/tools/bin/../lib/gcc/arm-none-eabi/11.3.1/thumb/v7e-m+fp/hard/crtbegin.o
 *(.init)
 .init          0x000000000800a73c        0x4 C:/ST/STM32CubeIDE_1.14.1/STM32CubeIDE/plugins/com.st.stm32cube.ide.mcu.externaltools.gnu-tools-for-stm32.11.3.rel1.win32_1.1.100.202309141235/tools/bin/../lib/gcc/arm-none-eabi/11.3.1/thumb/v7e-m+fp/hard/crti.o
                0x000000000800a73c                _init
 .init          0x000000000800a740        0x8 C:/ST/STM32CubeIDE_1.14.1/STM32CubeIDE/plugins/com.st.stm32cube.ide.mcu.externaltools.gnu-tools-for-stm32.11.3.rel1.win32_1.1.100.202309141235/tools/bin/../lib/gcc/arm-none-eabi/11.3.1/thumb/v7e-m+fp/hard/crtn.o
 *(.fini)
 .fini          0x000000000800a748        0x4 C:/ST/STM32CubeIDE_1.14.1/STM32CubeIDE/plugins/com.st.stm32cube.ide.mcu.externaltools.gnu-tools-for-stm32.11.3.rel1.win32_1.1.100.202309141235/tools/bin/../lib/gcc/arm-none-eabi/11.3.1/thumb/v7e-m+fp/hard/crti.o
                0x000000000800a748                _fini
 .fini          0x000000000800a74c        0x8 C:/ST/STM32CubeIDE_1.14.1/STM32CubeIDE/plugins/com.st.stm32cube.ide.mcu.externaltools.gnu-tools-for-stm32.11.3.rel1.win32_1.1.100.202309141235/tools/bin/../lib/gcc/arm-none-eabi/11.3.1/thumb/v7e-m+fp/hard/crtn.o
                0x000000000800a754                . = ALIGN (0x4)
                0x000000000800a754                _etext = .

.vfp11_veneer   0x000000000800a754        0x0
 .vfp11_veneer  0x000000000800a754        0x0 linker stubs

.v4_bx          0x000000000800a754        0x0
 .v4_bx         0x000000000800a754        0x0 linker stubs

.iplt           0x000000000800a754        0x0
 .iplt          0x000000000800a754        0x0 C:/ST/STM32CubeIDE_1.14.1/STM32CubeIDE/plugins/com.st.stm32cube.ide.mcu.externaltools.gnu-tools-for-stm32.11.3.rel1.win32_1.1.100.202309141235/tools/bin/../lib/gcc/arm-none-eabi/11.3.1/thumb/v7e-m+fp/hard/crtbegin.o

.rodata         0x000000000800a754      0x71c
                0x000000000800a754                . = ALIGN (0x4)
 *(.rodata)
 .rodata        0x000000000800a754       0x87 ./Middlewares/ST/STM32_USB_Host_Library/Class/VIDEO/Src/usbh_video.o
 *fill*         0x000000000800a7db        0x1 
 .rodata        0x000000000800a7dc       0xe1 ./Middlewares/ST/STM32_USB_Host_Library/Class/VIDEO/Src/usbh_video_desc_parsing.o
 *fill*         0x000000000800a8bd        0x3 
 .rodata        0x000000000800a8c0      0x460 ./Middlewares/ST/STM32_USB_Host_Library/Core/Src/usbh_core.o
 .rodata        0x000000000800ad20      0x101 ./Middlewares/ST/STM32_USB_Host_Library/Core/Src/usbh_ctlreq.o
 *(.rodata*)
 *fill*         0x000000000800ae21        0x3 
 .rodata.AHBPrescTable
                0x000000000800ae24       0x10 ./Core/Src/system_stm32f4xx.o
                0x000000000800ae24                AHBPrescTable
 .rodata.APBPrescTable
                0x000000000800ae34        0x8 ./Core/Src/system_stm32f4xx.o
                0x000000000800ae34                APBPrescTable
 .rodata._vfprintf_r.str1.1
                0x000000000800ae3c       0x11 C:/ST/STM32CubeIDE_1.14.1/STM32CubeIDE/plugins/com.st.stm32cube.ide.mcu.externaltools.gnu-tools-for-stm32.11.3.rel1.win32_1.1.100.202309141235/tools/bin/../lib/gcc/arm-none-eabi/11.3.1/../../../../arm-none-eabi/lib/thumb/v7e-m+fp/hard\libc_nano.a(libc_a-nano-vfprintf.o)
 .rodata._printf_i.str1.1
                0x000000000800ae4d       0x22 C:/ST/STM32CubeIDE_1.14.1/STM32CubeIDE/plugins/com.st.stm32cube.ide.mcu.externaltools.gnu-tools-for-stm32.11.3.rel1.win32_1.1.100.202309141235/tools/bin/../lib/gcc/arm-none-eabi/11.3.1/../../../../arm-none-eabi/lib/thumb/v7e-m+fp/hard\libc_nano.a(libc_a-nano-vfprintf_i.o)
                0x000000000800ae70                . = ALIGN (0x4)
 *fill*         0x000000000800ae6f        0x1 

.ARM.extab      0x000000000800ae70        0x0
                0x000000000800ae70                . = ALIGN (0x4)
 *(.ARM.extab* .gnu.linkonce.armextab.*)
                0x000000000800ae70                . = ALIGN (0x4)

.ARM            0x000000000800ae70        0x8
                0x000000000800ae70                . = ALIGN (0x4)
                0x000000000800ae70                __exidx_start = .
 *(.ARM.exidx*)
 .ARM.exidx     0x000000000800ae70        0x8 C:/ST/STM32CubeIDE_1.14.1/STM32CubeIDE/plugins/com.st.stm32cube.ide.mcu.externaltools.gnu-tools-for-stm32.11.3.rel1.win32_1.1.100.202309141235/tools/bin/../lib/gcc/arm-none-eabi/11.3.1/thumb/v7e-m+fp/hard\libgcc.a(_udivmoddi4.o)
                0x000000000800ae78                __exidx_end = .
                0x000000000800ae78                . = ALIGN (0x4)

.rel.dyn        0x000000000800ae78        0x0
 .rel.iplt      0x000000000800ae78        0x0 C:/ST/STM32CubeIDE_1.14.1/STM32CubeIDE/plugins/com.st.stm32cube.ide.mcu.externaltools.gnu-tools-for-stm32.11.3.rel1.win32_1.1.100.202309141235/tools/bin/../lib/gcc/arm-none-eabi/11.3.1/thumb/v7e-m+fp/hard/crtbegin.o

.preinit_array  0x000000000800ae78        0x0
                0x000000000800ae78                . = ALIGN (0x4)
                0x000000000800ae78                PROVIDE (__preinit_array_start = .)
 *(.preinit_array*)
                0x000000000800ae78                PROVIDE (__preinit_array_end = .)
                0x000000000800ae78                . = ALIGN (0x4)

.init_array     0x000000000800ae78        0x4
                0x000000000800ae78                . = ALIGN (0x4)
                0x000000000800ae78                PROVIDE (__init_array_start = .)
 *(SORT_BY_NAME(.init_array.*))
 *(.init_array*)
 .init_array    0x000000000800ae78        0x4 C:/ST/STM32CubeIDE_1.14.1/STM32CubeIDE/plugins/com.st.stm32cube.ide.mcu.externaltools.gnu-tools-for-stm32.11.3.rel1.win32_1.1.100.202309141235/tools/bin/../lib/gcc/arm-none-eabi/11.3.1/thumb/v7e-m+fp/hard/crtbegin.o
                0x000000000800ae7c                PROVIDE (__init_array_end = .)
                0x000000000800ae7c                . = ALIGN (0x4)

.fini_array     0x000000000800ae7c        0x4
                0x000000000800ae7c                . = ALIGN (0x4)
                [!provide]                        PROVIDE (__fini_array_start = .)
 *(SORT_BY_NAME(.fini_array.*))
 *(.fini_array*)
 .fini_array    0x000000000800ae7c        0x4 C:/ST/STM32CubeIDE_1.14.1/STM32CubeIDE/plugins/com.st.stm32cube.ide.mcu.externaltools.gnu-tools-for-stm32.11.3.rel1.win32_1.1.100.202309141235/tools/bin/../lib/gcc/arm-none-eabi/11.3.1/thumb/v7e-m+fp/hard/crtbegin.o
                [!provide]                        PROVIDE (__fini_array_end = .)
                0x000000000800ae80                . = ALIGN (0x4)
                0x000000000800ae80                _sidata = LOADADDR (.data)

.data           0x0000000020000000       0x9c load address 0x000000000800ae80
                0x0000000020000000                . = ALIGN (0x4)
                0x0000000020000000                _sdata = .
 *(.data)
 *(.data*)
 .data.SystemCoreClock
                0x0000000020000000        0x4 ./Core/Src/system_stm32f4xx.o
                0x0000000020000000                SystemCoreClock
 .data.uwTickPrio
                0x0000000020000004        0x4 ./Drivers/STM32F4xx_HAL_Driver/Src/stm32f4xx_hal.o
                0x0000000020000004                uwTickPrio
 .data.uwTickFreq
                0x0000000020000008        0x1 ./Drivers/STM32F4xx_HAL_Driver/Src/stm32f4xx_hal.o
                0x0000000020000008                uwTickFreq
 *fill*         0x0000000020000009        0x3 
 .data.VIDEO_Class
                0x000000002000000c       0x20 ./Middlewares/ST/STM32_USB_Host_Library/Class/VIDEO/Src/usbh_video.o
                0x000000002000000c                VIDEO_Class
 .data.USBH_VIDEO_Target_Width
                0x000000002000002c        0x4 ./Middlewares/ST/STM32_USB_Host_Library/Class/VIDEO/Src/usbh_video_desc_parsing.o
                0x000000002000002c                USBH_VIDEO_Target_Width
 .data.USBH_VIDEO_Target_Height
                0x0000000020000030        0x4 ./Middlewares/ST/STM32_USB_Host_Library/Class/VIDEO/Src/usbh_video_desc_parsing.o
                0x0000000020000030                USBH_VIDEO_Target_Height
 .data.USBH_VIDEO_Best_bFormatIndex
                0x0000000020000034        0x4 ./Middlewares/ST/STM32_USB_Host_Library/Class/VIDEO/Src/usbh_video_desc_parsing.o
                0x0000000020000034                USBH_VIDEO_Best_bFormatIndex
 .data.USBH_VIDEO_Best_bFrameIndex
                0x0000000020000038        0x4 ./Middlewares/ST/STM32_USB_Host_Library/Class/VIDEO/Src/usbh_video_desc_parsing.o
                0x0000000020000038                USBH_VIDEO_Best_bFrameIndex
 .data.uvc_parsing_switch_ready
                0x000000002000003c        0x1 ./Middlewares/ST/STM32_USB_Host_Library/Class/VIDEO/Src/usbh_video_stream_parsing.o
                0x000000002000003c                uvc_parsing_switch_ready
 .data.uvc_parsing_enabled
                0x000000002000003d        0x1 ./Middlewares/ST/STM32_USB_Host_Library/Class/VIDEO/Src/usbh_video_stream_parsing.o
                0x000000002000003d                uvc_parsing_enabled
 .data.uvc_prev_packet_eof
                0x000000002000003e        0x1 ./Middlewares/ST/STM32_USB_Host_Library/Class/VIDEO/Src/usbh_video_stream_parsing.o
                0x000000002000003e                uvc_prev_packet_eof
 *fill*         0x000000002000003f        0x1 
 .data.__sglue  0x0000000020000040        0xc C:/ST/STM32CubeIDE_1.14.1/STM32CubeIDE/plugins/com.st.stm32cube.ide.mcu.externaltools.gnu-tools-for-stm32.11.3.rel1.win32_1.1.100.202309141235/tools/bin/../lib/gcc/arm-none-eabi/11.3.1/../../../../arm-none-eabi/lib/thumb/v7e-m+fp/hard\libc_nano.a(libc_a-findfp.o)
                0x0000000020000040                __sglue
 .data._impure_data
                0x000000002000004c       0x4c C:/ST/STM32CubeIDE_1.14.1/STM32CubeIDE/plugins/com.st.stm32cube.ide.mcu.externaltools.gnu-tools-for-stm32.11.3.rel1.win32_1.1.100.202309141235/tools/bin/../lib/gcc/arm-none-eabi/11.3.1/../../../../arm-none-eabi/lib/thumb/v7e-m+fp/hard\libc_nano.a(libc_a-impure.o)
                0x000000002000004c                _impure_data
 .data._impure_ptr
                0x0000000020000098        0x4 C:/ST/STM32CubeIDE_1.14.1/STM32CubeIDE/plugins/com.st.stm32cube.ide.mcu.externaltools.gnu-tools-for-stm32.11.3.rel1.win32_1.1.100.202309141235/tools/bin/../lib/gcc/arm-none-eabi/11.3.1/../../../../arm-none-eabi/lib/thumb/v7e-m+fp/hard\libc_nano.a(libc_a-impure.o)
                0x0000000020000098                _impure_ptr
 *(.RamFunc)
 *(.RamFunc*)
                0x000000002000009c                . = ALIGN (0x4)
                0x000000002000009c                _edata = .
                0x000000000800af1c                _siccmram = LOADADDR (.ccmram)

.igot.plt       0x000000002000009c        0x0 load address 0x000000000800af1c
 .igot.plt      0x000000002000009c        0x0 C:/ST/STM32CubeIDE_1.14.1/STM32CubeIDE/plugins/com.st.stm32cube.ide.mcu.externaltools.gnu-tools-for-stm32.11.3.rel1.win32_1.1.100.202309141235/tools/bin/../lib/gcc/arm-none-eabi/11.3.1/thumb/v7e-m+fp/hard/crtbegin.o

.ccmram         0x0000000010000000        0x0 load address 0x000000000800af1c
                0x0000000010000000                . = ALIGN (0x4)
                0x0000000010000000                _sccmram = .
 *(.ccmram)
 *(.ccmram*)
                0x0000000010000000                . = ALIGN (0x4)
                0x0000000010000000                _eccmram = .
                0x0000000010000000                . = ALIGN (0x4)

.bss            0x000000002000009c    0x1e4a0
                0x000000002000009c                _sbss = .
                0x000000002000009c                __bss_start__ = _sbss
 *(.bss)
 .bss           0x000000002000009c       0x1c C:/ST/STM32CubeIDE_1.14.1/STM32CubeIDE/plugins/com.st.stm32cube.ide.mcu.externaltools.gnu-tools-for-stm32.11.3.rel1.win32_1.1.100.202309141235/tools/bin/../lib/gcc/arm-none-eabi/11.3.1/thumb/v7e-m+fp/hard/crtbegin.o
 *(.bss*)
 .bss.huart1    0x00000000200000b8       0x48 ./Core/Src/main.o
                0x00000000200000b8                huart1
 .bss.uvc_framebuffer0
                0x0000000020000100    0x1c200 ./Core/Src/main.o
                0x0000000020000100                uvc_framebuffer0
 .bss.__sbrk_heap_end
                0x000000002001c300        0x4 ./Core/Src/sysmem.o
 .bss.uwTick    0x000000002001c304        0x4 ./Drivers/STM32F4xx_HAL_Driver/Src/stm32f4xx_hal.o
                0x000000002001c304                uwTick
 .bss.ProbeParams
                0x000000002001c308       0x22 ./Middlewares/ST/STM32_USB_Host_Library/Class/VIDEO/Src/usbh_video.o
                0x000000002001c308                ProbeParams
 *fill*         0x000000002001c32a        0x2 
 .bss.tmp_packet_framebuffer
                0x000000002001c32c      0x200 ./Middlewares/ST/STM32_USB_Host_Library/Class/VIDEO/Src/usbh_video.o
                0x000000002001c32c                tmp_packet_framebuffer
 .bss.USBH_VIDEO_Target_Format
                0x000000002001c52c        0x1 ./Middlewares/ST/STM32_USB_Host_Library/Class/VIDEO/Src/usbh_video_desc_parsing.o
                0x000000002001c52c                USBH_VIDEO_Target_Format
 *fill*         0x000000002001c52d        0x3 
 .bss.uvc_total_packet_cnt
                0x000000002001c530        0x4 ./Middlewares/ST/STM32_USB_Host_Library/Class/VIDEO/Src/usbh_video_stream_parsing.o
                0x000000002001c530                uvc_total_packet_cnt
 .bss.uvc_data_packet_cnt
                0x000000002001c534        0x4 ./Middlewares/ST/STM32_USB_Host_Library/Class/VIDEO/Src/usbh_video_stream_parsing.o
                0x000000002001c534                uvc_data_packet_cnt
 .bss.uvc_frame_cnt
                0x000000002001c538        0x4 ./Middlewares/ST/STM32_USB_Host_Library/Class/VIDEO/Src/usbh_video_stream_parsing.o
                0x000000002001c538                uvc_frame_cnt
 .bss.uvc_header_cnt
                0x000000002001c53c        0x4 ./Middlewares/ST/STM32_USB_Host_Library/Class/VIDEO/Src/usbh_video_stream_parsing.o
                0x000000002001c53c                uvc_header_cnt
 .bss.uvc_prev_fid_state
                0x000000002001c540        0x1 ./Middlewares/ST/STM32_USB_Host_Library/Class/VIDEO/Src/usbh_video_stream_parsing.o
                0x000000002001c540                uvc_prev_fid_state
 *fill*         0x000000002001c541        0x3 
 .bss.uvc_curr_frame_length
                0x000000002001c544        0x4 ./Middlewares/ST/STM32_USB_Host_Library/Class/VIDEO/Src/usbh_video_stream_parsing.o
                0x000000002001c544                uvc_curr_frame_length
 .bss.uvc_ready_frame_length
                0x000000002001c548        0x4 ./Middlewares/ST/STM32_USB_Host_Library/Class/VIDEO/Src/usbh_video_stream_parsing.o
                0x000000002001c548                uvc_ready_frame_length
 .bss.uvc_parsing_initialized
                0x000000002001c54c        0x1 ./Middlewares/ST/STM32_USB_Host_Library/Class/VIDEO/Src/usbh_video_stream_parsing.o
                0x000000002001c54c                uvc_parsing_initialized
 .bss.uvc_parsing_new_frame_ready
                0x000000002001c54d        0x1 ./Middlewares/ST/STM32_USB_Host_Library/Class/VIDEO/Src/usbh_video_stream_parsing.o
                0x000000002001c54d                uvc_parsing_new_frame_ready
 .bss.uvc_frame_start_detected
                0x000000002001c54e        0x1 ./Middlewares/ST/STM32_USB_Host_Library/Class/VIDEO/Src/usbh_video_stream_parsing.o
                0x000000002001c54e                uvc_frame_start_detected
 *fill*         0x000000002001c54f        0x1 
 .bss.uvc_framebuffer0_ptr
                0x000000002001c550        0x4 ./Middlewares/ST/STM32_USB_Host_Library/Class/VIDEO/Src/usbh_video_stream_parsing.o
                0x000000002001c550                uvc_framebuffer0_ptr
 .bss.uvc_framebuffer1_ptr
                0x000000002001c554        0x4 ./Middlewares/ST/STM32_USB_Host_Library/Class/VIDEO/Src/usbh_video_stream_parsing.o
                0x000000002001c554                uvc_framebuffer1_ptr
 .bss.uvc_curr_framebuffer_ptr
                0x000000002001c558        0x4 ./Middlewares/ST/STM32_USB_Host_Library/Class/VIDEO/Src/usbh_video_stream_parsing.o
                0x000000002001c558                uvc_curr_framebuffer_ptr
 .bss.uvc_ready_framebuffer_ptr
                0x000000002001c55c        0x4 ./Middlewares/ST/STM32_USB_Host_Library/Class/VIDEO/Src/usbh_video_stream_parsing.o
                0x000000002001c55c                uvc_ready_framebuffer_ptr
 .bss.hUsbHostHS
                0x000000002001c560     0x1aac ./USB_HOST/App/usb_host.o
                0x000000002001c560                hUsbHostHS
 .bss.Appli_state
                0x000000002001e00c        0x1 ./USB_HOST/App/usb_host.o
                0x000000002001e00c                Appli_state
 *fill*         0x000000002001e00d        0x3 
 .bss.hhcd_USB_OTG_HS
                0x000000002001e010      0x3e0 ./USB_HOST/Target/usbh_conf.o
                0x000000002001e010                hhcd_USB_OTG_HS
 .bss.__malloc_free_list
                0x000000002001e3f0        0x4 C:/ST/STM32CubeIDE_1.14.1/STM32CubeIDE/plugins/com.st.stm32cube.ide.mcu.externaltools.gnu-tools-for-stm32.11.3.rel1.win32_1.1.100.202309141235/tools/bin/../lib/gcc/arm-none-eabi/11.3.1/../../../../arm-none-eabi/lib/thumb/v7e-m+fp/hard\libc_nano.a(libc_a-mallocr.o)
                0x000000002001e3f0                __malloc_free_list
 .bss.__malloc_sbrk_start
                0x000000002001e3f4        0x4 C:/ST/STM32CubeIDE_1.14.1/STM32CubeIDE/plugins/com.st.stm32cube.ide.mcu.externaltools.gnu-tools-for-stm32.11.3.rel1.win32_1.1.100.202309141235/tools/bin/../lib/gcc/arm-none-eabi/11.3.1/../../../../arm-none-eabi/lib/thumb/v7e-m+fp/hard\libc_nano.a(libc_a-mallocr.o)
                0x000000002001e3f4                __malloc_sbrk_start
 .bss.__sf      0x000000002001e3f8      0x138 C:/ST/STM32CubeIDE_1.14.1/STM32CubeIDE/plugins/com.st.stm32cube.ide.mcu.externaltools.gnu-tools-for-stm32.11.3.rel1.win32_1.1.100.202309141235/tools/bin/../lib/gcc/arm-none-eabi/11.3.1/../../../../arm-none-eabi/lib/thumb/v7e-m+fp/hard\libc_nano.a(libc_a-findfp.o)
                0x000000002001e3f8                __sf
 .bss.__stdio_exit_handler
                0x000000002001e530        0x4 C:/ST/STM32CubeIDE_1.14.1/STM32CubeIDE/plugins/com.st.stm32cube.ide.mcu.externaltools.gnu-tools-for-stm32.11.3.rel1.win32_1.1.100.202309141235/tools/bin/../lib/gcc/arm-none-eabi/11.3.1/../../../../arm-none-eabi/lib/thumb/v7e-m+fp/hard\libc_nano.a(libc_a-findfp.o)
                0x000000002001e530                __stdio_exit_handler
 .bss.errno     0x000000002001e534        0x4 C:/ST/STM32CubeIDE_1.14.1/STM32CubeIDE/plugins/com.st.stm32cube.ide.mcu.externaltools.gnu-tools-for-stm32.11.3.rel1.win32_1.1.100.202309141235/tools/bin/../lib/gcc/arm-none-eabi/11.3.1/../../../../arm-none-eabi/lib/thumb/v7e-m+fp/hard\libc_nano.a(libc_a-reent.o)
                0x000000002001e534                errno
 .bss.__lock___malloc_recursive_mutex
                0x000000002001e538        0x1 C:/ST/STM32CubeIDE_1.14.1/STM32CubeIDE/plugins/com.st.stm32cube.ide.mcu.externaltools.gnu-tools-for-stm32.11.3.rel1.win32_1.1.100.202309141235/tools/bin/../lib/gcc/arm-none-eabi/11.3.1/../../../../arm-none-eabi/lib/thumb/v7e-m+fp/hard\libc_nano.a(libc_a-lock.o)
                0x000000002001e538                __lock___malloc_recursive_mutex
 .bss.__lock___sfp_recursive_mutex
                0x000000002001e539        0x1 C:/ST/STM32CubeIDE_1.14.1/STM32CubeIDE/plugins/com.st.stm32cube.ide.mcu.externaltools.gnu-tools-for-stm32.11.3.rel1.win32_1.1.100.202309141235/tools/bin/../lib/gcc/arm-none-eabi/11.3.1/../../../../arm-none-eabi/lib/thumb/v7e-m+fp/hard\libc_nano.a(libc_a-lock.o)
                0x000000002001e539                __lock___sfp_recursive_mutex
 *(COMMON)
                0x000000002001e53c                . = ALIGN (0x4)
 *fill*         0x000000002001e53a        0x2 
                0x000000002001e53c                _ebss = .
                0x000000002001e53c                __bss_end__ = _ebss

._user_heap_stack
                0x000000002001e53c      0x604
                0x000000002001e540                . = ALIGN (0x8)
 *fill*         0x000000002001e53c        0x4 
                [!provide]                        PROVIDE (end = .)
                0x000000002001e540                PROVIDE (_end = .)
                0x000000002001e740                . = (. + _Min_Heap_Size)
 *fill*         0x000000002001e540      0x200 
                0x000000002001eb40                . = (. + _Min_Stack_Size)
 *fill*         0x000000002001e740      0x400 
                0x000000002001eb40                . = ALIGN (0x8)

/DISCARD/
 libc.a(*)
 libm.a(*)
 libgcc.a(*)

.ARM.attributes
                0x0000000000000000       0x30
 *(.ARM.attributes)
 .ARM.attributes
                0x0000000000000000       0x1e C:/ST/STM32CubeIDE_1.14.1/STM32CubeIDE/plugins/com.st.stm32cube.ide.mcu.externaltools.gnu-tools-for-stm32.11.3.rel1.win32_1.1.100.202309141235/tools/bin/../lib/gcc/arm-none-eabi/11.3.1/thumb/v7e-m+fp/hard/crti.o
 .ARM.attributes
                0x000000000000001e       0x34 C:/ST/STM32CubeIDE_1.14.1/STM32CubeIDE/plugins/com.st.stm32cube.ide.mcu.externaltools.gnu-tools-for-stm32.11.3.rel1.win32_1.1.100.202309141235/tools/bin/../lib/gcc/arm-none-eabi/11.3.1/thumb/v7e-m+fp/hard/crtbegin.o
 .ARM.attributes
                0x0000000000000052       0x34 ./Core/Src/main.o
 .ARM.attributes
                0x0000000000000086       0x34 ./Core/Src/stm32f4xx_hal_msp.o
 .ARM.attributes
                0x00000000000000ba       0x34 ./Core/Src/stm32f4xx_it.o
 .ARM.attributes
                0x00000000000000ee       0x34 ./Core/Src/syscalls.o
 .ARM.attributes
                0x0000000000000122       0x34 ./Core/Src/sysmem.o
 .ARM.attributes
                0x0000000000000156       0x34 ./Core/Src/system_stm32f4xx.o
 .ARM.attributes
                0x000000000000018a       0x21 ./Core/Startup/startup_stm32f407igtx.o
 .ARM.attributes
                0x00000000000001ab       0x34 ./Drivers/STM32F4xx_HAL_Driver/Src/stm32f4xx_hal.o
 .ARM.attributes
                0x00000000000001df       0x34 ./Drivers/STM32F4xx_HAL_Driver/Src/stm32f4xx_hal_cortex.o
 .ARM.attributes
                0x0000000000000213       0x34 ./Drivers/STM32F4xx_HAL_Driver/Src/stm32f4xx_hal_dma.o
 .ARM.attributes
                0x0000000000000247       0x34 ./Drivers/STM32F4xx_HAL_Driver/Src/stm32f4xx_hal_gpio.o
 .ARM.attributes
                0x000000000000027b       0x34 ./Drivers/STM32F4xx_HAL_Driver/Src/stm32f4xx_hal_hcd.o
 .ARM.attributes
                0x00000000000002af       0x34 ./Drivers/STM32F4xx_HAL_Driver/Src/stm32f4xx_hal_rcc.o
 .ARM.attributes
                0x00000000000002e3       0x34 ./Drivers/STM32F4xx_HAL_Driver/Src/stm32f4xx_hal_uart.o
 .ARM.attributes
                0x0000000000000317       0x34 ./Drivers/STM32F4xx_HAL_Driver/Src/stm32f4xx_ll_usb.o
 .ARM.attributes
                0x000000000000034b       0x34 ./Middlewares/ST/STM32_USB_Host_Library/Class/VIDEO/Src/usbh_video.o
 .ARM.attributes
                0x000000000000037f       0x34 ./Middlewares/ST/STM32_USB_Host_Library/Class/VIDEO/Src/usbh_video_desc_parsing.o
 .ARM.attributes
                0x00000000000003b3       0x34 ./Middlewares/ST/STM32_USB_Host_Library/Class/VIDEO/Src/usbh_video_stream_parsing.o
 .ARM.attributes
                0x00000000000003e7       0x34 ./Middlewares/ST/STM32_USB_Host_Library/Core/Src/usbh_core.o
 .ARM.attributes
                0x000000000000041b       0x34 ./Middlewares/ST/STM32_USB_Host_Library/Core/Src/usbh_ctlreq.o
 .ARM.attributes
                0x000000000000044f       0x34 ./Middlewares/ST/STM32_USB_Host_Library/Core/Src/usbh_ioreq.o
 .ARM.attributes
                0x0000000000000483       0x34 ./Middlewares/ST/STM32_USB_Host_Library/Core/Src/usbh_pipes.o
 .ARM.attributes
                0x00000000000004b7       0x34 ./USB_HOST/App/usb_host.o
 .ARM.attributes
                0x00000000000004eb       0x34 ./USB_HOST/Target/usbh_conf.o
 .ARM.attributes
                0x000000000000051f       0x34 C:/ST/STM32CubeIDE_1.14.1/STM32CubeIDE/plugins/com.st.stm32cube.ide.mcu.externaltools.gnu-tools-for-stm32.11.3.rel1.win32_1.1.100.202309141235/tools/bin/../lib/gcc/arm-none-eabi/11.3.1/../../../../arm-none-eabi/lib/thumb/v7e-m+fp/hard\libc_nano.a(libc_a-malloc.o)
 .ARM.attributes
                0x0000000000000553       0x34 C:/ST/STM32CubeIDE_1.14.1/STM32CubeIDE/plugins/com.st.stm32cube.ide.mcu.externaltools.gnu-tools-for-stm32.11.3.rel1.win32_1.1.100.202309141235/tools/bin/../lib/gcc/arm-none-eabi/11.3.1/../../../../arm-none-eabi/lib/thumb/v7e-m+fp/hard\libc_nano.a(libc_a-mallocr.o)
 .ARM.attributes
                0x0000000000000587       0x34 C:/ST/STM32CubeIDE_1.14.1/STM32CubeIDE/plugins/com.st.stm32cube.ide.mcu.externaltools.gnu-tools-for-stm32.11.3.rel1.win32_1.1.100.202309141235/tools/bin/../lib/gcc/arm-none-eabi/11.3.1/../../../../arm-none-eabi/lib/thumb/v7e-m+fp/hard\libc_nano.a(libc_a-mlock.o)
 .ARM.attributes
                0x00000000000005bb       0x34 C:/ST/STM32CubeIDE_1.14.1/STM32CubeIDE/plugins/com.st.stm32cube.ide.mcu.externaltools.gnu-tools-for-stm32.11.3.rel1.win32_1.1.100.202309141235/tools/bin/../lib/gcc/arm-none-eabi/11.3.1/../../../../arm-none-eabi/lib/thumb/v7e-m+fp/hard\libc_nano.a(libc_a-findfp.o)
 .ARM.attributes
                0x00000000000005ef       0x34 C:/ST/STM32CubeIDE_1.14.1/STM32CubeIDE/plugins/com.st.stm32cube.ide.mcu.externaltools.gnu-tools-for-stm32.11.3.rel1.win32_1.1.100.202309141235/tools/bin/../lib/gcc/arm-none-eabi/11.3.1/../../../../arm-none-eabi/lib/thumb/v7e-m+fp/hard\libc_nano.a(libc_a-fwalk.o)
 .ARM.attributes
                0x0000000000000623       0x34 C:/ST/STM32CubeIDE_1.14.1/STM32CubeIDE/plugins/com.st.stm32cube.ide.mcu.externaltools.gnu-tools-for-stm32.11.3.rel1.win32_1.1.100.202309141235/tools/bin/../lib/gcc/arm-none-eabi/11.3.1/../../../../arm-none-eabi/lib/thumb/v7e-m+fp/hard\libc_nano.a(libc_a-printf.o)
 .ARM.attributes
                0x0000000000000657       0x34 C:/ST/STM32CubeIDE_1.14.1/STM32CubeIDE/plugins/com.st.stm32cube.ide.mcu.externaltools.gnu-tools-for-stm32.11.3.rel1.win32_1.1.100.202309141235/tools/bin/../lib/gcc/arm-none-eabi/11.3.1/../../../../arm-none-eabi/lib/thumb/v7e-m+fp/hard\libc_nano.a(libc_a-putchar.o)
 .ARM.attributes